[2026-08-21 17:19:14.222] [info] Preparing to run ScaleTool.
[2026-08-21 17:19:14.222] [info] Processing subject theia2opensim-scaled...
[2026-08-21 17:19:14.222] [info] Step 1: Loading generic model
[2026-08-21 17:19:14.238] [info] Loaded model 3DGaitModel2392 from file c:\Users\PouyaAmiri\VS code local repos\Theia2OpenSim\Theia2OpenSim\sample_data\gait2392_simbody.osim
[2026-08-21 17:19:14.239] [warning] Couldn't find file 'treadmill.vtp'.
[2026-08-21 17:19:14.239] [warning] Couldn't find file 'sacrum.vtp'.
[2026-08-21 17:19:14.239] [warning] Couldn't find file 'pelvis.vtp'.
[2026-08-21 17:19:14.239] [warning] Couldn't find file 'l_pelvis.vtp'.
[2026-08-21 17:19:14.239] [warning] Couldn't find file 'femur_r.vtp'.
[2026-08-21 17:19:14.239] [warning] Couldn't find file 'tibia_r.vtp'.
[2026-08-21 17:19:14.239] [warning] Couldn't find file 'fibula.vtp'.
[2026-08-21 17:19:14.239] [warning] Couldn't find file 'talus.vtp'.
[2026-08-21 17:19:14.240] [warning] Couldn't find file 'foot.vtp'.
[2026-08-21 17:19:14.240] [warning] Couldn't find file 'bofoot.vtp'.
[2026-08-21 17:19:14.240] [warning] Couldn't find file 'femur_l.vtp'.
[2026-08-21 17:19:14.240] [warning] Couldn't find file 'tibia_l.vtp'.
[2026-08-21 17:19:14.240] [warning] Couldn't find file 'l_fibula.vtp'.
[2026-08-21 17:19:14.240] [warning] Couldn't find file 'l_talus.vtp'.
[2026-08-21 17:19:14.240] [warning] Couldn't find file 'l_foot.vtp'.
[2026-08-21 17:19:14.240] [warning] Couldn't find file 'l_bofoot.vtp'.
[2026-08-21 17:19:14.240] [warning] Couldn't find file 'hat_spine.vtp'.
[2026-08-21 17:19:14.240] [warning] Couldn't find file 'hat_jaw.vtp'.
[2026-08-21 17:19:14.240] [warning] Couldn't find file 'hat_skull.vtp'.
[2026-08-21 17:19:14.240] [warning] Couldn't find file 'hat_ribs.vtp'.
[2026-08-21 17:19:14.247] [info] Loading marker set from 'C:/Users/PouyaAmiri/VS code local repos/Theia2OpenSim/Theia2OpenSim/sample_data/markerstheia.xml'.
[2026-08-21 17:19:14.256] [info] Updated markers in model 3DGaitModel2392
[2026-08-21 17:19:14.256] [info] Step 2: Scaling generic model
[2026-08-21 17:19:14.262] [info] Loaded marker file C:/Users/PouyaAmiri/VS code local repos/Theia2OpenSim/Theia2OpenSim/sample_data/OpenSim/Static.trc (9 markers, 6 frames)
[2026-08-21 17:19:14.263] [info] Measurement 'pelvis'
[2026-08-21 17:19:14.263] [info] 	pair 0 (LASIS, RASIS): model = 0.168204, experimental = 0.193155
[2026-08-21 17:19:14.263] [info] 	overall scale factor = 1.14834
[2026-08-21 17:19:14.263] [info] Measurement 'femur r'
[2026-08-21 17:19:14.263] [info] 	pair 0 (RASIS, RKNEE): model = 0.439979, experimental = 0.431194
[2026-08-21 17:19:14.263] [info] 	overall scale factor = 0.980033
[2026-08-21 17:19:14.263] [info] Measurement 'femur l'
[2026-08-21 17:19:14.263] [info] 	pair 0 (LASIS, LKNEE): model = 0.439701, experimental = 0.434336
[2026-08-21 17:19:14.263] [info] 	overall scale factor = 0.987799
[2026-08-21 17:19:14.263] [info] Measurement 'tibia r'
[2026-08-21 17:19:14.263] [info] 	pair 0 (RKNEE, RANKLE): model = 0.408429, experimental = 0.420317
[2026-08-21 17:19:14.263] [info] 	overall scale factor = 1.02911
[2026-08-21 17:19:14.263] [info] Measurement 'tibia l'
[2026-08-21 17:19:14.263] [info] 	pair 0 (LKNEE, LANKLE): model = 0.408301, experimental = 0.419531
[2026-08-21 17:19:14.263] [info] 	overall scale factor = 1.0275
[2026-08-21 17:19:14.263] [info] Measurement 'foot r'
[2026-08-21 17:19:14.263] [info] 	pair 0 (RANKLE, RTOE): model = 0.143979, experimental = 0.182799
[2026-08-21 17:19:14.263] [info] 	overall scale factor = 1.26963
[2026-08-21 17:19:14.263] [info] Measurement 'foot l'
[2026-08-21 17:19:14.263] [info] 	pair 0 (LANKLE, LTOE): model = 0.143955, experimental = 0.176635
[2026-08-21 17:19:14.263] [info] 	overall scale factor = 1.22701
[2026-08-21 17:19:14.290] [info] Wrote model file 'C:/Users/PouyaAmiri/VS code local repos/Theia2OpenSim/Theia2OpenSim/sample_data/OpenSim/scaled_model.osim' from model.
[2026-08-21 17:19:14.290] [info] Step 3: Placing markers on model
[2026-08-21 17:19:14.290] [info] Loaded marker file C:/Users/PouyaAmiri/VS code local repos/Theia2OpenSim/Theia2OpenSim/sample_data/OpenSim/Static.trc (9 markers, 6 frames)
[2026-08-21 17:19:14.290] [info] Averaged frames from time 0.0 to 0.05 in C:/Users/PouyaAmiri/VS code local repos/Theia2OpenSim/Theia2OpenSim/sample_data/OpenSim/Static.trc (frames 1 to 6)
[2026-08-21 17:19:14.290] [info] Deleted 0 unused markers from model theia2opensim-scaled.
[2026-08-21 17:19:14.313] [info] Storage: read data file = C:/Users/PouyaAmiri/VS code local repos/Theia2OpenSim/Theia2OpenSim/sample_data/OpenSim/scaled_model_static_coords.mot (nr=615 nc=20)
[2026-08-21 17:19:14.390] [info] Frame at (t = 0.0):	 total squared error = 0.0788438, marker error: RMS = 0.0935971, max = 0.204624 (RASIS)
[2026-08-21 17:19:14.390] [info] Moved markers in model theia2opensim-scaled to match locations in marker file 'C:/Users/PouyaAmiri/VS code local repos/Theia2OpenSim/Theia2OpenSim/sample_data/OpenSim/Static.trc'.
[2026-08-21 17:19:14.405] [info] Wrote model file 'C:/Users/PouyaAmiri/VS code local repos/Theia2OpenSim/Theia2OpenSim/sample_data/OpenSim/scaled_model.osim' from model theia2opensim-scaled.
[2026-08-21 17:47:03.019] [info] Preparing to run ScaleTool.
[2026-08-21 17:47:03.019] [info] Processing subject theia2opensim-scaled...
[2026-08-21 17:47:03.019] [info] Step 1: Loading generic model
[2026-08-21 17:47:03.049] [info] Loaded model 3DGaitModel2392 from file c:\Users\PouyaAmiri\VS code local repos\Theia2OpenSim\Theia2OpenSim\sample_data\gait2392_simbody.osim
[2026-08-21 17:47:03.049] [warning] Couldn't find file 'treadmill.vtp'.
[2026-08-21 17:47:03.049] [warning] Couldn't find file 'sacrum.vtp'.
[2026-08-21 17:47:03.049] [warning] Couldn't find file 'pelvis.vtp'.
[2026-08-21 17:47:03.049] [warning] Couldn't find file 'l_pelvis.vtp'.
[2026-08-21 17:47:03.049] [warning] Couldn't find file 'femur_r.vtp'.
[2026-08-21 17:47:03.049] [warning] Couldn't find file 'tibia_r.vtp'.
[2026-08-21 17:47:03.049] [warning] Couldn't find file 'fibula.vtp'.
[2026-08-21 17:47:03.049] [warning] Couldn't find file 'talus.vtp'.
[2026-08-21 17:47:03.049] [warning] Couldn't find file 'foot.vtp'.
[2026-08-21 17:47:03.049] [warning] Couldn't find file 'bofoot.vtp'.
[2026-08-21 17:47:03.049] [warning] Couldn't find file 'femur_l.vtp'.
[2026-08-21 17:47:03.049] [warning] Couldn't find file 'tibia_l.vtp'.
[2026-08-21 17:47:03.049] [warning] Couldn't find file 'l_fibula.vtp'.
[2026-08-21 17:47:03.050] [warning] Couldn't find file 'l_talus.vtp'.
[2026-08-21 17:47:03.050] [warning] Couldn't find file 'l_foot.vtp'.
[2026-08-21 17:47:03.050] [warning] Couldn't find file 'l_bofoot.vtp'.
[2026-08-21 17:47:03.050] [warning] Couldn't find file 'hat_spine.vtp'.
[2026-08-21 17:47:03.050] [warning] Couldn't find file 'hat_jaw.vtp'.
[2026-08-21 17:47:03.050] [warning] Couldn't find file 'hat_skull.vtp'.
[2026-08-21 17:47:03.050] [warning] Couldn't find file 'hat_ribs.vtp'.
[2026-08-21 17:47:03.056] [info] Loading marker set from 'C:/Users/PouyaAmiri/VS code local repos/Theia2OpenSim/Theia2OpenSim/sample_data/markerstheia.xml'.
[2026-08-21 17:47:03.073] [info] Updated markers in model 3DGaitModel2392
[2026-08-21 17:47:03.073] [info] Step 2: Scaling generic model
[2026-08-21 17:47:03.089] [info] Loaded marker file C:/Users/PouyaAmiri/VS code local repos/Theia2OpenSim/Theia2OpenSim/sample_data/OpenSim/Static.trc (9 markers, 6 frames)
[2026-08-21 17:47:03.089] [info] Measurement 'pelvis'
[2026-08-21 17:47:03.089] [info] 	pair 0 (LASIS, RASIS): model = 0.168204, experimental = 0.193155
[2026-08-21 17:47:03.090] [info] 	overall scale factor = 1.14834
[2026-08-21 17:47:03.090] [info] Measurement 'femur r'
[2026-08-21 17:47:03.090] [info] 	pair 0 (RASIS, RKNEE): model = 0.439979, experimental = 0.431194
[2026-08-21 17:47:03.090] [info] 	overall scale factor = 0.980033
[2026-08-21 17:47:03.090] [info] Measurement 'femur l'
[2026-08-21 17:47:03.090] [info] 	pair 0 (LASIS, LKNEE): model = 0.439701, experimental = 0.434336
[2026-08-21 17:47:03.090] [info] 	overall scale factor = 0.987799
[2026-08-21 17:47:03.090] [info] Measurement 'tibia r'
[2026-08-21 17:47:03.090] [info] 	pair 0 (RKNEE, RANKLE): model = 0.408429, experimental = 0.420317
[2026-08-21 17:47:03.090] [info] 	overall scale factor = 1.02911
[2026-08-21 17:47:03.090] [info] Measurement 'tibia l'
[2026-08-21 17:47:03.090] [info] 	pair 0 (LKNEE, LANKLE): model = 0.408301, experimental = 0.419531
[2026-08-21 17:47:03.090] [info] 	overall scale factor = 1.0275
[2026-08-21 17:47:03.090] [info] Measurement 'foot r'
[2026-08-21 17:47:03.090] [info] 	pair 0 (RANKLE, RTOE): model = 0.143979, experimental = 0.182799
[2026-08-21 17:47:03.090] [info] 	overall scale factor = 1.26963
[2026-08-21 17:47:03.090] [info] Measurement 'foot l'
[2026-08-21 17:47:03.090] [info] 	pair 0 (LANKLE, LTOE): model = 0.143955, experimental = 0.176635
[2026-08-21 17:47:03.090] [info] 	overall scale factor = 1.22701
[2026-08-21 17:47:03.115] [info] Wrote model file 'C:/Users/PouyaAmiri/VS code local repos/Theia2OpenSim/Theia2OpenSim/sample_data/OpenSim/scaled_model.osim' from model.
[2026-08-21 17:47:03.115] [info] Step 3: Placing markers on model
[2026-08-21 17:47:03.115] [info] Loaded marker file C:/Users/PouyaAmiri/VS code local repos/Theia2OpenSim/Theia2OpenSim/sample_data/OpenSim/Static.trc (9 markers, 6 frames)
[2026-08-21 17:47:03.115] [info] Averaged frames from time 0.0 to 0.05 in C:/Users/PouyaAmiri/VS code local repos/Theia2OpenSim/Theia2OpenSim/sample_data/OpenSim/Static.trc (frames 1 to 6)
[2026-08-21 17:47:03.115] [info] Deleted 0 unused markers from model theia2opensim-scaled.
[2026-08-21 17:47:03.130] [info] Storage: read data file = C:/Users/PouyaAmiri/VS code local repos/Theia2OpenSim/Theia2OpenSim/sample_data/OpenSim/scaled_model_static_coords.mot (nr=615 nc=20)
[2026-08-21 17:47:03.202] [info] Frame at (t = 0.0):	 total squared error = 0.0788438, marker error: RMS = 0.0935971, max = 0.204624 (RASIS)
[2026-08-21 17:47:03.202] [info] Moved markers in model theia2opensim-scaled to match locations in marker file 'C:/Users/PouyaAmiri/VS code local repos/Theia2OpenSim/Theia2OpenSim/sample_data/OpenSim/Static.trc'.
[2026-08-21 17:47:03.213] [info] Wrote model file 'C:/Users/PouyaAmiri/VS code local repos/Theia2OpenSim/Theia2OpenSim/sample_data/OpenSim/scaled_model.osim' from model theia2opensim-scaled.
[2026-08-21 17:56:02.603] [info] Preparing to run ScaleTool.
[2026-08-21 17:56:02.604] [info] Processing subject theia2opensim-scaled...
[2026-08-21 17:56:02.604] [info] Step 1: Loading generic model
[2026-08-21 17:56:02.620] [info] Loaded model 3DGaitModel2392 from file c:\Users\PouyaAmiri\VS code local repos\Theia2OpenSim\Theia2OpenSim\sample_data\gait2392_simbody.osim
[2026-08-21 17:56:02.620] [warning] Couldn't find file 'treadmill.vtp'.
[2026-08-21 17:56:02.620] [warning] Couldn't find file 'sacrum.vtp'.
[2026-08-21 17:56:02.620] [warning] Couldn't find file 'pelvis.vtp'.
[2026-08-21 17:56:02.620] [warning] Couldn't find file 'l_pelvis.vtp'.
[2026-08-21 17:56:02.620] [warning] Couldn't find file 'femur_r.vtp'.
[2026-08-21 17:56:02.620] [warning] Couldn't find file 'tibia_r.vtp'.
[2026-08-21 17:56:02.620] [warning] Couldn't find file 'fibula.vtp'.
[2026-08-21 17:56:02.620] [warning] Couldn't find file 'talus.vtp'.
[2026-08-21 17:56:02.620] [warning] Couldn't find file 'foot.vtp'.
[2026-08-21 17:56:02.620] [warning] Couldn't find file 'bofoot.vtp'.
[2026-08-21 17:56:02.620] [warning] Couldn't find file 'femur_l.vtp'.
[2026-08-21 17:56:02.620] [warning] Couldn't find file 'tibia_l.vtp'.
[2026-08-21 17:56:02.620] [warning] Couldn't find file 'l_fibula.vtp'.
[2026-08-21 17:56:02.620] [warning] Couldn't find file 'l_talus.vtp'.
[2026-08-21 17:56:02.620] [warning] Couldn't find file 'l_foot.vtp'.
[2026-08-21 17:56:02.620] [warning] Couldn't find file 'l_bofoot.vtp'.
[2026-08-21 17:56:02.620] [warning] Couldn't find file 'hat_spine.vtp'.
[2026-08-21 17:56:02.620] [warning] Couldn't find file 'hat_jaw.vtp'.
[2026-08-21 17:56:02.621] [warning] Couldn't find file 'hat_skull.vtp'.
[2026-08-21 17:56:02.621] [warning] Couldn't find file 'hat_ribs.vtp'.
[2026-08-21 17:56:02.627] [info] Loading marker set from 'C:/Users/PouyaAmiri/VS code local repos/Theia2OpenSim/Theia2OpenSim/sample_data/markerstheia.xml'.
[2026-08-21 17:56:02.636] [info] Updated markers in model 3DGaitModel2392
[2026-08-21 17:56:02.636] [info] Step 2: Scaling generic model
[2026-08-21 17:56:02.642] [info] Loaded marker file C:/Users/PouyaAmiri/VS code local repos/Theia2OpenSim/Theia2OpenSim/sample_data/OpenSim/Static.trc (9 markers, 6 frames)
[2026-08-21 17:56:02.642] [info] Measurement 'pelvis'
[2026-08-21 17:56:02.642] [info] 	pair 0 (LASIS, RASIS): model = 0.168204, experimental = 0.193155
[2026-08-21 17:56:02.642] [info] 	overall scale factor = 1.14834
[2026-08-21 17:56:02.642] [info] Measurement 'femur r'
[2026-08-21 17:56:02.642] [info] 	pair 0 (RASIS, RKNEE): model = 0.439979, experimental = 0.431194
[2026-08-21 17:56:02.642] [info] 	overall scale factor = 0.980033
[2026-08-21 17:56:02.642] [info] Measurement 'femur l'
[2026-08-21 17:56:02.642] [info] 	pair 0 (LASIS, LKNEE): model = 0.439701, experimental = 0.434336
[2026-08-21 17:56:02.642] [info] 	overall scale factor = 0.987799
[2026-08-21 17:56:02.642] [info] Measurement 'tibia r'
[2026-08-21 17:56:02.642] [info] 	pair 0 (RKNEE, RANKLE): model = 0.408429, experimental = 0.420317
[2026-08-21 17:56:02.642] [info] 	overall scale factor = 1.02911
[2026-08-21 17:56:02.642] [info] Measurement 'tibia l'
[2026-08-21 17:56:02.642] [info] 	pair 0 (LKNEE, LANKLE): model = 0.408301, experimental = 0.419531
[2026-08-21 17:56:02.642] [info] 	overall scale factor = 1.0275
[2026-08-21 17:56:02.642] [info] Measurement 'foot r'
[2026-08-21 17:56:02.642] [info] 	pair 0 (RANKLE, RTOE): model = 0.143979, experimental = 0.182799
[2026-08-21 17:56:02.642] [info] 	overall scale factor = 1.26963
[2026-08-21 17:56:02.642] [info] Measurement 'foot l'
[2026-08-21 17:56:02.642] [info] 	pair 0 (LANKLE, LTOE): model = 0.143955, experimental = 0.176635
[2026-08-21 17:56:02.642] [info] 	overall scale factor = 1.22701
[2026-08-21 17:56:02.668] [info] Wrote model file 'C:/Users/PouyaAmiri/VS code local repos/Theia2OpenSim/Theia2OpenSim/sample_data/OpenSim/scaled_model.osim' from model.
[2026-08-21 17:56:02.668] [info] Step 3: Placing markers on model
[2026-08-21 17:56:02.668] [info] Loaded marker file C:/Users/PouyaAmiri/VS code local repos/Theia2OpenSim/Theia2OpenSim/sample_data/OpenSim/Static.trc (9 markers, 6 frames)
[2026-08-21 17:56:02.668] [info] Averaged frames from time 0.0 to 0.05 in C:/Users/PouyaAmiri/VS code local repos/Theia2OpenSim/Theia2OpenSim/sample_data/OpenSim/Static.trc (frames 1 to 6)
[2026-08-21 17:56:02.668] [info] Deleted 0 unused markers from model theia2opensim-scaled.
[2026-08-21 17:56:02.696] [info] Storage: read data file = C:/Users/PouyaAmiri/VS code local repos/Theia2OpenSim/Theia2OpenSim/sample_data/OpenSim/scaled_model_static_coords.mot (nr=615 nc=20)
[2026-08-21 17:56:02.769] [info] Frame at (t = 0.0):	 total squared error = 0.0788438, marker error: RMS = 0.0935971, max = 0.204624 (RASIS)
[2026-08-21 17:56:02.769] [info] Moved markers in model theia2opensim-scaled to match locations in marker file 'C:/Users/PouyaAmiri/VS code local repos/Theia2OpenSim/Theia2OpenSim/sample_data/OpenSim/Static.trc'.
[2026-08-21 17:56:02.780] [info] Wrote model file 'C:/Users/PouyaAmiri/VS code local repos/Theia2OpenSim/Theia2OpenSim/sample_data/OpenSim/scaled_model.osim' from model theia2opensim-scaled.
[2026-08-21 17:58:10.493] [info] Preparing to run ScaleTool.
[2026-08-21 17:58:10.494] [info] Processing subject theia2opensim-scaled...
[2026-08-21 17:58:10.494] [info] Step 1: Loading generic model
[2026-08-21 17:58:10.511] [info] Loaded model 3DGaitModel2392 from file c:\Users\PouyaAmiri\VS code local repos\Theia2OpenSim\Theia2OpenSim\sample_data\gait2392_simbody.osim
[2026-08-21 17:58:10.511] [warning] Couldn't find file 'treadmill.vtp'.
[2026-08-21 17:58:10.511] [warning] Couldn't find file 'sacrum.vtp'.
[2026-08-21 17:58:10.511] [warning] Couldn't find file 'pelvis.vtp'.
[2026-08-21 17:58:10.511] [warning] Couldn't find file 'l_pelvis.vtp'.
[2026-08-21 17:58:10.511] [warning] Couldn't find file 'femur_r.vtp'.
[2026-08-21 17:58:10.511] [warning] Couldn't find file 'tibia_r.vtp'.
[2026-08-21 17:58:10.511] [warning] Couldn't find file 'fibula.vtp'.
[2026-08-21 17:58:10.511] [warning] Couldn't find file 'talus.vtp'.
[2026-08-21 17:58:10.511] [warning] Couldn't find file 'foot.vtp'.
[2026-08-21 17:58:10.511] [warning] Couldn't find file 'bofoot.vtp'.
[2026-08-21 17:58:10.511] [warning] Couldn't find file 'femur_l.vtp'.
[2026-08-21 17:58:10.511] [warning] Couldn't find file 'tibia_l.vtp'.
[2026-08-21 17:58:10.511] [warning] Couldn't find file 'l_fibula.vtp'.
[2026-08-21 17:58:10.511] [warning] Couldn't find file 'l_talus.vtp'.
[2026-08-21 17:58:10.512] [warning] Couldn't find file 'l_foot.vtp'.
[2026-08-21 17:58:10.512] [warning] Couldn't find file 'l_bofoot.vtp'.
[2026-08-21 17:58:10.512] [warning] Couldn't find file 'hat_spine.vtp'.
[2026-08-21 17:58:10.512] [warning] Couldn't find file 'hat_jaw.vtp'.
[2026-08-21 17:58:10.512] [warning] Couldn't find file 'hat_skull.vtp'.
[2026-08-21 17:58:10.512] [warning] Couldn't find file 'hat_ribs.vtp'.
[2026-08-21 17:58:10.518] [info] Loading marker set from 'C:/Users/PouyaAmiri/VS code local repos/Theia2OpenSim/Theia2OpenSim/sample_data/markerstheia.xml'.
[2026-08-21 17:58:10.527] [info] Updated markers in model 3DGaitModel2392
[2026-08-21 17:58:10.527] [info] Step 2: Scaling generic model
[2026-08-21 17:58:10.533] [info] Loaded marker file C:/Users/PouyaAmiri/VS code local repos/Theia2OpenSim/Theia2OpenSim/sample_data/OpenSim/Static.trc (9 markers, 6 frames)
[2026-08-21 17:58:10.533] [info] Measurement 'pelvis'
[2026-08-21 17:58:10.534] [info] 	pair 0 (LASIS, RASIS): model = 0.168204, experimental = 0.193155
[2026-08-21 17:58:10.534] [info] 	overall scale factor = 1.14834
[2026-08-21 17:58:10.534] [info] Measurement 'femur r'
[2026-08-21 17:58:10.534] [info] 	pair 0 (RASIS, RKNEE): model = 0.439979, experimental = 0.431194
[2026-08-21 17:58:10.534] [info] 	overall scale factor = 0.980033
[2026-08-21 17:58:10.534] [info] Measurement 'femur l'
[2026-08-21 17:58:10.534] [info] 	pair 0 (LASIS, LKNEE): model = 0.439701, experimental = 0.434336
[2026-08-21 17:58:10.534] [info] 	overall scale factor = 0.987799
[2026-08-21 17:58:10.534] [info] Measurement 'tibia r'
[2026-08-21 17:58:10.534] [info] 	pair 0 (RKNEE, RANKLE): model = 0.408429, experimental = 0.420317
[2026-08-21 17:58:10.534] [info] 	overall scale factor = 1.02911
[2026-08-21 17:58:10.534] [info] Measurement 'tibia l'
[2026-08-21 17:58:10.534] [info] 	pair 0 (LKNEE, LANKLE): model = 0.408301, experimental = 0.419531
[2026-08-21 17:58:10.534] [info] 	overall scale factor = 1.0275
[2026-08-21 17:58:10.534] [info] Measurement 'foot r'
[2026-08-21 17:58:10.534] [info] 	pair 0 (RANKLE, RTOE): model = 0.143979, experimental = 0.182799
[2026-08-21 17:58:10.534] [info] 	overall scale factor = 1.26963
[2026-08-21 17:58:10.534] [info] Measurement 'foot l'
[2026-08-21 17:58:10.534] [info] 	pair 0 (LANKLE, LTOE): model = 0.143955, experimental = 0.176635
[2026-08-21 17:58:10.534] [info] 	overall scale factor = 1.22701
[2026-08-21 17:58:10.559] [info] Wrote model file 'C:/Users/PouyaAmiri/VS code local repos/Theia2OpenSim/Theia2OpenSim/sample_data/OpenSim/scaled_model.osim' from model.
[2026-08-21 17:58:10.559] [info] Step 3: Placing markers on model
[2026-08-21 17:58:10.559] [info] Loaded marker file C:/Users/PouyaAmiri/VS code local repos/Theia2OpenSim/Theia2OpenSim/sample_data/OpenSim/Static.trc (9 markers, 6 frames)
[2026-08-21 17:58:10.559] [info] Averaged frames from time 0.0 to 0.05 in C:/Users/PouyaAmiri/VS code local repos/Theia2OpenSim/Theia2OpenSim/sample_data/OpenSim/Static.trc (frames 1 to 6)
[2026-08-21 17:58:10.559] [info] Deleted 0 unused markers from model theia2opensim-scaled.
[2026-08-21 17:58:10.585] [info] Storage: read data file = C:/Users/PouyaAmiri/VS code local repos/Theia2OpenSim/Theia2OpenSim/sample_data/OpenSim/scaled_model_static_coords.mot (nr=615 nc=20)
[2026-08-21 17:58:10.659] [info] Frame at (t = 0.0):	 total squared error = 0.0788438, marker error: RMS = 0.0935971, max = 0.204624 (RASIS)
[2026-08-21 17:58:10.659] [info] Moved markers in model theia2opensim-scaled to match locations in marker file 'C:/Users/PouyaAmiri/VS code local repos/Theia2OpenSim/Theia2OpenSim/sample_data/OpenSim/Static.trc'.
[2026-08-21 17:58:10.670] [info] Wrote model file 'C:/Users/PouyaAmiri/VS code local repos/Theia2OpenSim/Theia2OpenSim/sample_data/OpenSim/scaled_model.osim' from model theia2opensim-scaled.
[2026-08-21 18:00:37.584] [info] Preparing to run ScaleTool.
[2026-08-21 18:00:37.585] [info] Processing subject theia2opensim-scaled...
[2026-08-21 18:00:37.585] [info] Step 1: Loading generic model
[2026-08-21 18:00:37.600] [info] Loaded model 3DGaitModel2392 from file c:\Users\PouyaAmiri\VS code local repos\Theia2OpenSim\Theia2OpenSim\sample_data\gait2392_simbody.osim
[2026-08-21 18:00:37.601] [warning] Couldn't find file 'treadmill.vtp'.
[2026-08-21 18:00:37.601] [warning] Couldn't find file 'sacrum.vtp'.
[2026-08-21 18:00:37.601] [warning] Couldn't find file 'pelvis.vtp'.
[2026-08-21 18:00:37.601] [warning] Couldn't find file 'l_pelvis.vtp'.
[2026-08-21 18:00:37.601] [warning] Couldn't find file 'femur_r.vtp'.
[2026-08-21 18:00:37.601] [warning] Couldn't find file 'tibia_r.vtp'.
[2026-08-21 18:00:37.601] [warning] Couldn't find file 'fibula.vtp'.
[2026-08-21 18:00:37.601] [warning] Couldn't find file 'talus.vtp'.
[2026-08-21 18:00:37.601] [warning] Couldn't find file 'foot.vtp'.
[2026-08-21 18:00:37.601] [warning] Couldn't find file 'bofoot.vtp'.
[2026-08-21 18:00:37.601] [warning] Couldn't find file 'femur_l.vtp'.
[2026-08-21 18:00:37.601] [warning] Couldn't find file 'tibia_l.vtp'.
[2026-08-21 18:00:37.601] [warning] Couldn't find file 'l_fibula.vtp'.
[2026-08-21 18:00:37.601] [warning] Couldn't find file 'l_talus.vtp'.
[2026-08-21 18:00:37.601] [warning] Couldn't find file 'l_foot.vtp'.
[2026-08-21 18:00:37.601] [warning] Couldn't find file 'l_bofoot.vtp'.
[2026-08-21 18:00:37.601] [warning] Couldn't find file 'hat_spine.vtp'.
[2026-08-21 18:00:37.601] [warning] Couldn't find file 'hat_jaw.vtp'.
[2026-08-21 18:00:37.601] [warning] Couldn't find file 'hat_skull.vtp'.
[2026-08-21 18:00:37.601] [warning] Couldn't find file 'hat_ribs.vtp'.
[2026-08-21 18:00:37.608] [info] Loading marker set from 'C:/Users/PouyaAmiri/VS code local repos/Theia2OpenSim/Theia2OpenSim/sample_data/markerstheia.xml'.
[2026-08-21 18:00:37.617] [info] Updated markers in model 3DGaitModel2392
[2026-08-21 18:00:37.617] [info] Step 2: Scaling generic model
[2026-08-21 18:00:37.623] [info] Loaded marker file C:/Users/PouyaAmiri/VS code local repos/Theia2OpenSim/Theia2OpenSim/sample_data/OpenSim/Static.trc (9 markers, 6 frames)
[2026-08-21 18:00:37.623] [info] Measurement 'pelvis'
[2026-08-21 18:00:37.623] [info] 	pair 0 (LASIS, RASIS): model = 0.168204, experimental = 0.193155
[2026-08-21 18:00:37.623] [info] 	overall scale factor = 1.14834
[2026-08-21 18:00:37.623] [info] Measurement 'femur r'
[2026-08-21 18:00:37.623] [info] 	pair 0 (RASIS, RKNEE): model = 0.439979, experimental = 0.431194
[2026-08-21 18:00:37.623] [info] 	overall scale factor = 0.980033
[2026-08-21 18:00:37.623] [info] Measurement 'femur l'
[2026-08-21 18:00:37.623] [info] 	pair 0 (LASIS, LKNEE): model = 0.439701, experimental = 0.434336
[2026-08-21 18:00:37.623] [info] 	overall scale factor = 0.987799
[2026-08-21 18:00:37.623] [info] Measurement 'tibia r'
[2026-08-21 18:00:37.623] [info] 	pair 0 (RKNEE, RANKLE): model = 0.408429, experimental = 0.420317
[2026-08-21 18:00:37.623] [info] 	overall scale factor = 1.02911
[2026-08-21 18:00:37.623] [info] Measurement 'tibia l'
[2026-08-21 18:00:37.623] [info] 	pair 0 (LKNEE, LANKLE): model = 0.408301, experimental = 0.419531
[2026-08-21 18:00:37.623] [info] 	overall scale factor = 1.0275
[2026-08-21 18:00:37.623] [info] Measurement 'foot r'
[2026-08-21 18:00:37.623] [info] 	pair 0 (RANKLE, RTOE): model = 0.143979, experimental = 0.182799
[2026-08-21 18:00:37.623] [info] 	overall scale factor = 1.26963
[2026-08-21 18:00:37.623] [info] Measurement 'foot l'
[2026-08-21 18:00:37.623] [info] 	pair 0 (LANKLE, LTOE): model = 0.143955, experimental = 0.176635
[2026-08-21 18:00:37.623] [info] 	overall scale factor = 1.22701
[2026-08-21 18:00:37.654] [info] Wrote model file 'C:/Users/PouyaAmiri/VS code local repos/Theia2OpenSim/Theia2OpenSim/sample_data/OpenSim/scaled_model.osim' from model.
[2026-08-21 18:00:37.654] [info] Step 3: Placing markers on model
[2026-08-21 18:00:37.655] [info] Loaded marker file C:/Users/PouyaAmiri/VS code local repos/Theia2OpenSim/Theia2OpenSim/sample_data/OpenSim/Static.trc (9 markers, 6 frames)
[2026-08-21 18:00:37.655] [info] Averaged frames from time 0.0 to 0.05 in C:/Users/PouyaAmiri/VS code local repos/Theia2OpenSim/Theia2OpenSim/sample_data/OpenSim/Static.trc (frames 1 to 6)
[2026-08-21 18:00:37.655] [info] Deleted 0 unused markers from model theia2opensim-scaled.
[2026-08-21 18:00:37.679] [info] Storage: read data file = C:/Users/PouyaAmiri/VS code local repos/Theia2OpenSim/Theia2OpenSim/sample_data/OpenSim/scaled_model_static_coords.mot (nr=615 nc=20)
[2026-08-21 18:00:37.751] [info] Frame at (t = 0.0):	 total squared error = 0.0788438, marker error: RMS = 0.0935971, max = 0.204624 (RASIS)
[2026-08-21 18:00:37.751] [info] Moved markers in model theia2opensim-scaled to match locations in marker file 'C:/Users/PouyaAmiri/VS code local repos/Theia2OpenSim/Theia2OpenSim/sample_data/OpenSim/Static.trc'.
[2026-08-21 18:00:37.763] [info] Wrote model file 'C:/Users/PouyaAmiri/VS code local repos/Theia2OpenSim/Theia2OpenSim/sample_data/OpenSim/scaled_model.osim' from model theia2opensim-scaled.
[2026-08-21 18:02:36.939] [info] Preparing to run ScaleTool.
[2026-08-21 18:02:36.940] [info] Processing subject theia2opensim-scaled...
[2026-08-21 18:02:36.940] [info] Step 1: Loading generic model
[2026-08-21 18:02:36.955] [info] Loaded model 3DGaitModel2392 from file c:\Users\PouyaAmiri\VS code local repos\Theia2OpenSim\Theia2OpenSim\sample_data\gait2392_simbody.osim
[2026-08-21 18:02:36.955] [warning] Couldn't find file 'treadmill.vtp'.
[2026-08-21 18:02:36.955] [warning] Couldn't find file 'sacrum.vtp'.
[2026-08-21 18:02:36.955] [warning] Couldn't find file 'pelvis.vtp'.
[2026-08-21 18:02:36.955] [warning] Couldn't find file 'l_pelvis.vtp'.
[2026-08-21 18:02:36.955] [warning] Couldn't find file 'femur_r.vtp'.
[2026-08-21 18:02:36.956] [warning] Couldn't find file 'tibia_r.vtp'.
[2026-08-21 18:02:36.956] [warning] Couldn't find file 'fibula.vtp'.
[2026-08-21 18:02:36.956] [warning] Couldn't find file 'talus.vtp'.
[2026-08-21 18:02:36.956] [warning] Couldn't find file 'foot.vtp'.
[2026-08-21 18:02:36.956] [warning] Couldn't find file 'bofoot.vtp'.
[2026-08-21 18:02:36.956] [warning] Couldn't find file 'femur_l.vtp'.
[2026-08-21 18:02:36.956] [warning] Couldn't find file 'tibia_l.vtp'.
[2026-08-21 18:02:36.956] [warning] Couldn't find file 'l_fibula.vtp'.
[2026-08-21 18:02:36.956] [warning] Couldn't find file 'l_talus.vtp'.
[2026-08-21 18:02:36.956] [warning] Couldn't find file 'l_foot.vtp'.
[2026-08-21 18:02:36.956] [warning] Couldn't find file 'l_bofoot.vtp'.
[2026-08-21 18:02:36.956] [warning] Couldn't find file 'hat_spine.vtp'.
[2026-08-21 18:02:36.956] [warning] Couldn't find file 'hat_jaw.vtp'.
[2026-08-21 18:02:36.956] [warning] Couldn't find file 'hat_skull.vtp'.
[2026-08-21 18:02:36.956] [warning] Couldn't find file 'hat_ribs.vtp'.
[2026-08-21 18:02:36.963] [info] Loading marker set from 'C:/Users/PouyaAmiri/VS code local repos/Theia2OpenSim/Theia2OpenSim/sample_data/markerstheia.xml'.
[2026-08-21 18:02:36.972] [info] Updated markers in model 3DGaitModel2392
[2026-08-21 18:02:36.972] [info] Step 2: Scaling generic model
[2026-08-21 18:02:36.977] [info] Loaded marker file C:/Users/PouyaAmiri/VS code local repos/Theia2OpenSim/Theia2OpenSim/sample_data/OpenSim/Static.trc (9 markers, 6 frames)
[2026-08-21 18:02:36.977] [info] Measurement 'pelvis'
[2026-08-21 18:02:36.977] [info] 	pair 0 (LASIS, RASIS): model = 0.168204, experimental = 0.193155
[2026-08-21 18:02:36.977] [info] 	overall scale factor = 1.14834
[2026-08-21 18:02:36.977] [info] Measurement 'femur r'
[2026-08-21 18:02:36.977] [info] 	pair 0 (RASIS, RKNEE): model = 0.439979, experimental = 0.431194
[2026-08-21 18:02:36.977] [info] 	overall scale factor = 0.980033
[2026-08-21 18:02:36.977] [info] Measurement 'femur l'
[2026-08-21 18:02:36.977] [info] 	pair 0 (LASIS, LKNEE): model = 0.439701, experimental = 0.434336
[2026-08-21 18:02:36.977] [info] 	overall scale factor = 0.987799
[2026-08-21 18:02:36.977] [info] Measurement 'tibia r'
[2026-08-21 18:02:36.977] [info] 	pair 0 (RKNEE, RANKLE): model = 0.408429, experimental = 0.420317
[2026-08-21 18:02:36.977] [info] 	overall scale factor = 1.02911
[2026-08-21 18:02:36.977] [info] Measurement 'tibia l'
[2026-08-21 18:02:36.977] [info] 	pair 0 (LKNEE, LANKLE): model = 0.408301, experimental = 0.419531
[2026-08-21 18:02:36.977] [info] 	overall scale factor = 1.0275
[2026-08-21 18:02:36.977] [info] Measurement 'foot r'
[2026-08-21 18:02:36.977] [info] 	pair 0 (RANKLE, RTOE): model = 0.143979, experimental = 0.182799
[2026-08-21 18:02:36.977] [info] 	overall scale factor = 1.26963
[2026-08-21 18:02:36.977] [info] Measurement 'foot l'
[2026-08-21 18:02:36.977] [info] 	pair 0 (LANKLE, LTOE): model = 0.143955, experimental = 0.176635
[2026-08-21 18:02:36.977] [info] 	overall scale factor = 1.22701
[2026-08-21 18:02:37.004] [info] Wrote model file 'C:/Users/PouyaAmiri/VS code local repos/Theia2OpenSim/Theia2OpenSim/sample_data/OpenSim/scaled_model.osim' from model.
[2026-08-21 18:02:37.004] [info] Step 3: Placing markers on model
[2026-08-21 18:02:37.004] [info] Loaded marker file C:/Users/PouyaAmiri/VS code local repos/Theia2OpenSim/Theia2OpenSim/sample_data/OpenSim/Static.trc (9 markers, 6 frames)
[2026-08-21 18:02:37.004] [info] Averaged frames from time 0.0 to 0.05 in C:/Users/PouyaAmiri/VS code local repos/Theia2OpenSim/Theia2OpenSim/sample_data/OpenSim/Static.trc (frames 1 to 6)
[2026-08-21 18:02:37.004] [info] Deleted 0 unused markers from model theia2opensim-scaled.
[2026-08-21 18:02:37.026] [info] Storage: read data file = C:/Users/PouyaAmiri/VS code local repos/Theia2OpenSim/Theia2OpenSim/sample_data/OpenSim/scaled_model_static_coords.mot (nr=615 nc=20)
[2026-08-21 18:02:37.099] [info] Frame at (t = 0.0):	 total squared error = 0.0788438, marker error: RMS = 0.0935971, max = 0.204624 (RASIS)
[2026-08-21 18:02:37.099] [info] Moved markers in model theia2opensim-scaled to match locations in marker file 'C:/Users/PouyaAmiri/VS code local repos/Theia2OpenSim/Theia2OpenSim/sample_data/OpenSim/Static.trc'.
[2026-08-21 18:02:37.110] [info] Wrote model file 'C:/Users/PouyaAmiri/VS code local repos/Theia2OpenSim/Theia2OpenSim/sample_data/OpenSim/scaled_model.osim' from model theia2opensim-scaled.
[2026-08-21 18:05:35.129] [info] Preparing to run ScaleTool.
[2026-08-21 18:05:35.129] [info] Processing subject theia2opensim-scaled...
[2026-08-21 18:05:35.129] [info] Step 1: Loading generic model
[2026-08-21 18:05:35.144] [info] Loaded model 3DGaitModel2392 from file c:\Users\PouyaAmiri\VS code local repos\Theia2OpenSim\Theia2OpenSim\sample_data\gait2392_simbody.osim
[2026-08-21 18:05:35.145] [warning] Couldn't find file 'treadmill.vtp'.
[2026-08-21 18:05:35.145] [warning] Couldn't find file 'sacrum.vtp'.
[2026-08-21 18:05:35.145] [warning] Couldn't find file 'pelvis.vtp'.
[2026-08-21 18:05:35.145] [warning] Couldn't find file 'l_pelvis.vtp'.
[2026-08-21 18:05:35.145] [warning] Couldn't find file 'femur_r.vtp'.
[2026-08-21 18:05:35.145] [warning] Couldn't find file 'tibia_r.vtp'.
[2026-08-21 18:05:35.145] [warning] Couldn't find file 'fibula.vtp'.
[2026-08-21 18:05:35.145] [warning] Couldn't find file 'talus.vtp'.
[2026-08-21 18:05:35.145] [warning] Couldn't find file 'foot.vtp'.
[2026-08-21 18:05:35.145] [warning] Couldn't find file 'bofoot.vtp'.
[2026-08-21 18:05:35.145] [warning] Couldn't find file 'femur_l.vtp'.
[2026-08-21 18:05:35.145] [warning] Couldn't find file 'tibia_l.vtp'.
[2026-08-21 18:05:35.145] [warning] Couldn't find file 'l_fibula.vtp'.
[2026-08-21 18:05:35.145] [warning] Couldn't find file 'l_talus.vtp'.
[2026-08-21 18:05:35.145] [warning] Couldn't find file 'l_foot.vtp'.
[2026-08-21 18:05:35.145] [warning] Couldn't find file 'l_bofoot.vtp'.
[2026-08-21 18:05:35.145] [warning] Couldn't find file 'hat_spine.vtp'.
[2026-08-21 18:05:35.145] [warning] Couldn't find file 'hat_jaw.vtp'.
[2026-08-21 18:05:35.145] [warning] Couldn't find file 'hat_skull.vtp'.
[2026-08-21 18:05:35.145] [warning] Couldn't find file 'hat_ribs.vtp'.
[2026-08-21 18:05:35.151] [info] Loading marker set from 'C:/Users/PouyaAmiri/VS code local repos/Theia2OpenSim/Theia2OpenSim/sample_data/markerstheia.xml'.
[2026-08-21 18:05:35.160] [info] Updated markers in model 3DGaitModel2392
[2026-08-21 18:05:35.160] [info] Step 2: Scaling generic model
[2026-08-21 18:05:35.165] [info] Loaded marker file C:/Users/PouyaAmiri/VS code local repos/Theia2OpenSim/Theia2OpenSim/sample_data/OpenSim/Static.trc (9 markers, 6 frames)
[2026-08-21 18:05:35.165] [info] Measurement 'pelvis'
[2026-08-21 18:05:35.165] [info] 	pair 0 (LASIS, RASIS): model = 0.168204, experimental = 0.193155
[2026-08-21 18:05:35.165] [info] 	overall scale factor = 1.14834
[2026-08-21 18:05:35.165] [info] Measurement 'femur r'
[2026-08-21 18:05:35.165] [info] 	pair 0 (RASIS, RKNEE): model = 0.439979, experimental = 0.431194
[2026-08-21 18:05:35.165] [info] 	overall scale factor = 0.980033
[2026-08-21 18:05:35.165] [info] Measurement 'femur l'
[2026-08-21 18:05:35.166] [info] 	pair 0 (LASIS, LKNEE): model = 0.439701, experimental = 0.434336
[2026-08-21 18:05:35.166] [info] 	overall scale factor = 0.987799
[2026-08-21 18:05:35.166] [info] Measurement 'tibia r'
[2026-08-21 18:05:35.166] [info] 	pair 0 (RKNEE, RANKLE): model = 0.408429, experimental = 0.420317
[2026-08-21 18:05:35.166] [info] 	overall scale factor = 1.02911
[2026-08-21 18:05:35.166] [info] Measurement 'tibia l'
[2026-08-21 18:05:35.166] [info] 	pair 0 (LKNEE, LANKLE): model = 0.408301, experimental = 0.419531
[2026-08-21 18:05:35.166] [info] 	overall scale factor = 1.0275
[2026-08-21 18:05:35.166] [info] Measurement 'foot r'
[2026-08-21 18:05:35.166] [info] 	pair 0 (RANKLE, RTOE): model = 0.143979, experimental = 0.182799
[2026-08-21 18:05:35.166] [info] 	overall scale factor = 1.26963
[2026-08-21 18:05:35.166] [info] Measurement 'foot l'
[2026-08-21 18:05:35.166] [info] 	pair 0 (LANKLE, LTOE): model = 0.143955, experimental = 0.176635
[2026-08-21 18:05:35.166] [info] 	overall scale factor = 1.22701
[2026-08-21 18:05:35.191] [info] Wrote model file 'C:/Users/PouyaAmiri/VS code local repos/Theia2OpenSim/Theia2OpenSim/sample_data/OpenSim/scaled_model.osim' from model.
[2026-08-21 18:05:35.191] [info] Step 3: Placing markers on model
[2026-08-21 18:05:35.191] [info] Loaded marker file C:/Users/PouyaAmiri/VS code local repos/Theia2OpenSim/Theia2OpenSim/sample_data/OpenSim/Static.trc (9 markers, 6 frames)
[2026-08-21 18:05:35.191] [info] Averaged frames from time 0.0 to 0.05 in C:/Users/PouyaAmiri/VS code local repos/Theia2OpenSim/Theia2OpenSim/sample_data/OpenSim/Static.trc (frames 1 to 6)
[2026-08-21 18:05:35.191] [info] Deleted 0 unused markers from model theia2opensim-scaled.
[2026-08-21 18:05:35.205] [info] Storage: read data file = C:/Users/PouyaAmiri/VS code local repos/Theia2OpenSim/Theia2OpenSim/sample_data/OpenSim/scaled_model_static_coords.mot (nr=615 nc=20)
[2026-08-21 18:05:35.274] [info] Frame at (t = 0.0):	 total squared error = 0.0788438, marker error: RMS = 0.0935971, max = 0.204624 (RASIS)
[2026-08-21 18:05:35.275] [info] Moved markers in model theia2opensim-scaled to match locations in marker file 'C:/Users/PouyaAmiri/VS code local repos/Theia2OpenSim/Theia2OpenSim/sample_data/OpenSim/Static.trc'.
[2026-08-21 18:05:35.285] [info] Wrote model file 'C:/Users/PouyaAmiri/VS code local repos/Theia2OpenSim/Theia2OpenSim/sample_data/OpenSim/scaled_model.osim' from model theia2opensim-scaled.
[2026-08-21 18:06:13.986] [info] Preparing to run ScaleTool.
[2026-08-21 18:06:13.986] [info] Processing subject theia2opensim-scaled...
[2026-08-21 18:06:13.986] [info] Step 1: Loading generic model
[2026-08-21 18:06:14.001] [info] Loaded model 3DGaitModel2392 from file c:\Users\PouyaAmiri\VS code local repos\Theia2OpenSim\Theia2OpenSim\sample_data\gait2392_simbody.osim
[2026-08-21 18:06:14.002] [warning] Couldn't find file 'treadmill.vtp'.
[2026-08-21 18:06:14.002] [warning] Couldn't find file 'sacrum.vtp'.
[2026-08-21 18:06:14.002] [warning] Couldn't find file 'pelvis.vtp'.
[2026-08-21 18:06:14.002] [warning] Couldn't find file 'l_pelvis.vtp'.
[2026-08-21 18:06:14.002] [warning] Couldn't find file 'femur_r.vtp'.
[2026-08-21 18:06:14.002] [warning] Couldn't find file 'tibia_r.vtp'.
[2026-08-21 18:06:14.002] [warning] Couldn't find file 'fibula.vtp'.
[2026-08-21 18:06:14.002] [warning] Couldn't find file 'talus.vtp'.
[2026-08-21 18:06:14.002] [warning] Couldn't find file 'foot.vtp'.
[2026-08-21 18:06:14.002] [warning] Couldn't find file 'bofoot.vtp'.
[2026-08-21 18:06:14.002] [warning] Couldn't find file 'femur_l.vtp'.
[2026-08-21 18:06:14.002] [warning] Couldn't find file 'tibia_l.vtp'.
[2026-08-21 18:06:14.002] [warning] Couldn't find file 'l_fibula.vtp'.
[2026-08-21 18:06:14.002] [warning] Couldn't find file 'l_talus.vtp'.
[2026-08-21 18:06:14.002] [warning] Couldn't find file 'l_foot.vtp'.
[2026-08-21 18:06:14.002] [warning] Couldn't find file 'l_bofoot.vtp'.
[2026-08-21 18:06:14.002] [warning] Couldn't find file 'hat_spine.vtp'.
[2026-08-21 18:06:14.002] [warning] Couldn't find file 'hat_jaw.vtp'.
[2026-08-21 18:06:14.002] [warning] Couldn't find file 'hat_skull.vtp'.
[2026-08-21 18:06:14.002] [warning] Couldn't find file 'hat_ribs.vtp'.
[2026-08-21 18:06:14.008] [info] Loading marker set from 'C:/Users/PouyaAmiri/VS code local repos/Theia2OpenSim/Theia2OpenSim/sample_data/markerstheia.xml'.
[2026-08-21 18:06:14.017] [info] Updated markers in model 3DGaitModel2392
[2026-08-21 18:06:14.017] [info] Step 2: Scaling generic model
[2026-08-21 18:06:14.022] [info] Loaded marker file C:/Users/PouyaAmiri/VS code local repos/Theia2OpenSim/Theia2OpenSim/sample_data/OpenSim/Static.trc (9 markers, 6 frames)
[2026-08-21 18:06:14.022] [info] Measurement 'pelvis'
[2026-08-21 18:06:14.022] [info] 	pair 0 (LASIS, RASIS): model = 0.168204, experimental = 0.193155
[2026-08-21 18:06:14.022] [info] 	overall scale factor = 1.14834
[2026-08-21 18:06:14.022] [info] Measurement 'femur r'
[2026-08-21 18:06:14.022] [info] 	pair 0 (RASIS, RKNEE): model = 0.439979, experimental = 0.431194
[2026-08-21 18:06:14.022] [info] 	overall scale factor = 0.980033
[2026-08-21 18:06:14.022] [info] Measurement 'femur l'
[2026-08-21 18:06:14.022] [info] 	pair 0 (LASIS, LKNEE): model = 0.439701, experimental = 0.434336
[2026-08-21 18:06:14.022] [info] 	overall scale factor = 0.987799
[2026-08-21 18:06:14.022] [info] Measurement 'tibia r'
[2026-08-21 18:06:14.022] [info] 	pair 0 (RKNEE, RANKLE): model = 0.408429, experimental = 0.420317
[2026-08-21 18:06:14.022] [info] 	overall scale factor = 1.02911
[2026-08-21 18:06:14.022] [info] Measurement 'tibia l'
[2026-08-21 18:06:14.022] [info] 	pair 0 (LKNEE, LANKLE): model = 0.408301, experimental = 0.419531
[2026-08-21 18:06:14.022] [info] 	overall scale factor = 1.0275
[2026-08-21 18:06:14.022] [info] Measurement 'foot r'
[2026-08-21 18:06:14.022] [info] 	pair 0 (RANKLE, RTOE): model = 0.143979, experimental = 0.182799
[2026-08-21 18:06:14.022] [info] 	overall scale factor = 1.26963
[2026-08-21 18:06:14.022] [info] Measurement 'foot l'
[2026-08-21 18:06:14.022] [info] 	pair 0 (LANKLE, LTOE): model = 0.143955, experimental = 0.176635
[2026-08-21 18:06:14.022] [info] 	overall scale factor = 1.22701
[2026-08-21 18:06:14.048] [info] Wrote model file 'C:/Users/PouyaAmiri/VS code local repos/Theia2OpenSim/Theia2OpenSim/sample_data/OpenSim/scaled_model.osim' from model.
[2026-08-21 18:06:14.048] [info] Step 3: Placing markers on model
[2026-08-21 18:06:14.048] [info] Loaded marker file C:/Users/PouyaAmiri/VS code local repos/Theia2OpenSim/Theia2OpenSim/sample_data/OpenSim/Static.trc (9 markers, 6 frames)
[2026-08-21 18:06:14.048] [info] Averaged frames from time 0.0 to 0.05 in C:/Users/PouyaAmiri/VS code local repos/Theia2OpenSim/Theia2OpenSim/sample_data/OpenSim/Static.trc (frames 1 to 6)
[2026-08-21 18:06:14.048] [info] Deleted 0 unused markers from model theia2opensim-scaled.
[2026-08-21 18:06:14.079] [info] Storage: read data file = C:/Users/PouyaAmiri/VS code local repos/Theia2OpenSim/Theia2OpenSim/sample_data/OpenSim/scaled_model_static_coords.mot (nr=615 nc=20)
[2026-08-21 18:06:14.150] [info] Frame at (t = 0.0):	 total squared error = 0.0788438, marker error: RMS = 0.0935971, max = 0.204624 (RASIS)
[2026-08-21 18:06:14.150] [info] Moved markers in model theia2opensim-scaled to match locations in marker file 'C:/Users/PouyaAmiri/VS code local repos/Theia2OpenSim/Theia2OpenSim/sample_data/OpenSim/Static.trc'.
[2026-08-21 18:06:14.161] [info] Wrote model file 'C:/Users/PouyaAmiri/VS code local repos/Theia2OpenSim/Theia2OpenSim/sample_data/OpenSim/scaled_model.osim' from model theia2opensim-scaled.
[2026-08-21 18:06:31.889] [info] Preparing to run ScaleTool.
[2026-08-21 18:06:31.890] [info] Processing subject theia2opensim-scaled...
[2026-08-21 18:06:31.890] [info] Step 1: Loading generic model
[2026-08-21 18:06:31.904] [info] Loaded model 3DGaitModel2392 from file c:\Users\PouyaAmiri\VS code local repos\Theia2OpenSim\Theia2OpenSim\sample_data\gait2392_simbody.osim
[2026-08-21 18:06:31.904] [warning] Couldn't find file 'treadmill.vtp'.
[2026-08-21 18:06:31.904] [warning] Couldn't find file 'sacrum.vtp'.
[2026-08-21 18:06:31.905] [warning] Couldn't find file 'pelvis.vtp'.
[2026-08-21 18:06:31.905] [warning] Couldn't find file 'l_pelvis.vtp'.
[2026-08-21 18:06:31.905] [warning] Couldn't find file 'femur_r.vtp'.
[2026-08-21 18:06:31.905] [warning] Couldn't find file 'tibia_r.vtp'.
[2026-08-21 18:06:31.905] [warning] Couldn't find file 'fibula.vtp'.
[2026-08-21 18:06:31.905] [warning] Couldn't find file 'talus.vtp'.
[2026-08-21 18:06:31.905] [warning] Couldn't find file 'foot.vtp'.
[2026-08-21 18:06:31.905] [warning] Couldn't find file 'bofoot.vtp'.
[2026-08-21 18:06:31.905] [warning] Couldn't find file 'femur_l.vtp'.
[2026-08-21 18:06:31.905] [warning] Couldn't find file 'tibia_l.vtp'.
[2026-08-21 18:06:31.905] [warning] Couldn't find file 'l_fibula.vtp'.
[2026-08-21 18:06:31.905] [warning] Couldn't find file 'l_talus.vtp'.
[2026-08-21 18:06:31.905] [warning] Couldn't find file 'l_foot.vtp'.
[2026-08-21 18:06:31.905] [warning] Couldn't find file 'l_bofoot.vtp'.
[2026-08-21 18:06:31.905] [warning] Couldn't find file 'hat_spine.vtp'.
[2026-08-21 18:06:31.905] [warning] Couldn't find file 'hat_jaw.vtp'.
[2026-08-21 18:06:31.905] [warning] Couldn't find file 'hat_skull.vtp'.
[2026-08-21 18:06:31.905] [warning] Couldn't find file 'hat_ribs.vtp'.
[2026-08-21 18:06:31.913] [info] Loading marker set from 'C:/Users/PouyaAmiri/VS code local repos/Theia2OpenSim/Theia2OpenSim/sample_data/markerstheia.xml'.
[2026-08-21 18:06:31.922] [info] Updated markers in model 3DGaitModel2392
[2026-08-21 18:06:31.922] [info] Step 2: Scaling generic model
[2026-08-21 18:06:31.928] [info] Loaded marker file C:/Users/PouyaAmiri/VS code local repos/Theia2OpenSim/Theia2OpenSim/sample_data/OpenSim/Static.trc (9 markers, 6 frames)
[2026-08-21 18:06:31.928] [info] Measurement 'pelvis'
[2026-08-21 18:06:31.928] [info] 	pair 0 (LASIS, RASIS): model = 0.168204, experimental = 0.193155
[2026-08-21 18:06:31.928] [info] 	overall scale factor = 1.14834
[2026-08-21 18:06:31.928] [info] Measurement 'femur r'
[2026-08-21 18:06:31.928] [info] 	pair 0 (RASIS, RKNEE): model = 0.439979, experimental = 0.431194
[2026-08-21 18:06:31.928] [info] 	overall scale factor = 0.980033
[2026-08-21 18:06:31.928] [info] Measurement 'femur l'
[2026-08-21 18:06:31.928] [info] 	pair 0 (LASIS, LKNEE): model = 0.439701, experimental = 0.434336
[2026-08-21 18:06:31.928] [info] 	overall scale factor = 0.987799
[2026-08-21 18:06:31.928] [info] Measurement 'tibia r'
[2026-08-21 18:06:31.928] [info] 	pair 0 (RKNEE, RANKLE): model = 0.408429, experimental = 0.420317
[2026-08-21 18:06:31.928] [info] 	overall scale factor = 1.02911
[2026-08-21 18:06:31.928] [info] Measurement 'tibia l'
[2026-08-21 18:06:31.928] [info] 	pair 0 (LKNEE, LANKLE): model = 0.408301, experimental = 0.419531
[2026-08-21 18:06:31.928] [info] 	overall scale factor = 1.0275
[2026-08-21 18:06:31.928] [info] Measurement 'foot r'
[2026-08-21 18:06:31.928] [info] 	pair 0 (RANKLE, RTOE): model = 0.143979, experimental = 0.182799
[2026-08-21 18:06:31.928] [info] 	overall scale factor = 1.26963
[2026-08-21 18:06:31.928] [info] Measurement 'foot l'
[2026-08-21 18:06:31.928] [info] 	pair 0 (LANKLE, LTOE): model = 0.143955, experimental = 0.176635
[2026-08-21 18:06:31.928] [info] 	overall scale factor = 1.22701
[2026-08-21 18:06:31.953] [info] Wrote model file 'C:/Users/PouyaAmiri/VS code local repos/Theia2OpenSim/Theia2OpenSim/sample_data/OpenSim/scaled_model.osim' from model.
[2026-08-21 18:06:31.953] [info] Step 3: Placing markers on model
[2026-08-21 18:06:31.954] [info] Loaded marker file C:/Users/PouyaAmiri/VS code local repos/Theia2OpenSim/Theia2OpenSim/sample_data/OpenSim/Static.trc (9 markers, 6 frames)
[2026-08-21 18:06:31.954] [info] Averaged frames from time 0.0 to 0.05 in C:/Users/PouyaAmiri/VS code local repos/Theia2OpenSim/Theia2OpenSim/sample_data/OpenSim/Static.trc (frames 1 to 6)
[2026-08-21 18:06:31.954] [info] Deleted 0 unused markers from model theia2opensim-scaled.
[2026-08-21 18:06:31.977] [info] Storage: read data file = C:/Users/PouyaAmiri/VS code local repos/Theia2OpenSim/Theia2OpenSim/sample_data/OpenSim/scaled_model_static_coords.mot (nr=615 nc=20)
[2026-08-21 18:06:32.046] [info] Frame at (t = 0.0):	 total squared error = 0.0788438, marker error: RMS = 0.0935971, max = 0.204624 (RASIS)
[2026-08-21 18:06:32.046] [info] Moved markers in model theia2opensim-scaled to match locations in marker file 'C:/Users/PouyaAmiri/VS code local repos/Theia2OpenSim/Theia2OpenSim/sample_data/OpenSim/Static.trc'.
[2026-08-21 18:06:32.059] [info] Wrote model file 'C:/Users/PouyaAmiri/VS code local repos/Theia2OpenSim/Theia2OpenSim/sample_data/OpenSim/scaled_model.osim' from model theia2opensim-scaled.
[2026-08-21 18:26:31.238] [info] Preparing to run ScaleTool.
[2026-08-21 18:26:31.238] [info] Processing subject theia2opensim-scaled...
[2026-08-21 18:26:31.238] [info] Step 1: Loading generic model
[2026-08-21 18:26:31.272] [info] Loaded model 3DGaitModel2392 from file c:\Users\PouyaAmiri\VS code local repos\Theia2OpenSim\Theia2OpenSim\sample_data\gait2392_simbody.osim
[2026-08-21 18:26:31.272] [warning] Couldn't find file 'treadmill.vtp'.
[2026-08-21 18:26:31.272] [warning] Couldn't find file 'sacrum.vtp'.
[2026-08-21 18:26:31.272] [warning] Couldn't find file 'pelvis.vtp'.
[2026-08-21 18:26:31.272] [warning] Couldn't find file 'l_pelvis.vtp'.
[2026-08-21 18:26:31.272] [warning] Couldn't find file 'femur_r.vtp'.
[2026-08-21 18:26:31.272] [warning] Couldn't find file 'tibia_r.vtp'.
[2026-08-21 18:26:31.272] [warning] Couldn't find file 'fibula.vtp'.
[2026-08-21 18:26:31.272] [warning] Couldn't find file 'talus.vtp'.
[2026-08-21 18:26:31.272] [warning] Couldn't find file 'foot.vtp'.
[2026-08-21 18:26:31.272] [warning] Couldn't find file 'bofoot.vtp'.
[2026-08-21 18:26:31.272] [warning] Couldn't find file 'femur_l.vtp'.
[2026-08-21 18:26:31.272] [warning] Couldn't find file 'tibia_l.vtp'.
[2026-08-21 18:26:31.273] [warning] Couldn't find file 'l_fibula.vtp'.
[2026-08-21 18:26:31.273] [warning] Couldn't find file 'l_talus.vtp'.
[2026-08-21 18:26:31.273] [warning] Couldn't find file 'l_foot.vtp'.
[2026-08-21 18:26:31.273] [warning] Couldn't find file 'l_bofoot.vtp'.
[2026-08-21 18:26:31.273] [warning] Couldn't find file 'hat_spine.vtp'.
[2026-08-21 18:26:31.273] [warning] Couldn't find file 'hat_jaw.vtp'.
[2026-08-21 18:26:31.273] [warning] Couldn't find file 'hat_skull.vtp'.
[2026-08-21 18:26:31.273] [warning] Couldn't find file 'hat_ribs.vtp'.
[2026-08-21 18:26:31.279] [info] Loading marker set from 'C:/Users/PouyaAmiri/VS code local repos/Theia2OpenSim/Theia2OpenSim/sample_data/markerstheia.xml'.
[2026-08-21 18:26:31.297] [info] Updated markers in model 3DGaitModel2392
[2026-08-21 18:26:31.297] [info] Step 2: Scaling generic model
[2026-08-21 18:26:31.313] [info] Loaded marker file C:/Users/PouyaAmiri/VS code local repos/Theia2OpenSim/Theia2OpenSim/sample_data/OpenSim/Static.trc (9 markers, 6 frames)
[2026-08-21 18:26:31.313] [info] Measurement 'pelvis'
[2026-08-21 18:26:31.313] [info] 	pair 0 (LASIS, RASIS): model = 0.168204, experimental = 0.193155
[2026-08-21 18:26:31.313] [info] 	overall scale factor = 1.14834
[2026-08-21 18:26:31.313] [info] Measurement 'femur r'
[2026-08-21 18:26:31.313] [info] 	pair 0 (RASIS, RKNEE): model = 0.439979, experimental = 0.431194
[2026-08-21 18:26:31.313] [info] 	overall scale factor = 0.980033
[2026-08-21 18:26:31.313] [info] Measurement 'femur l'
[2026-08-21 18:26:31.313] [info] 	pair 0 (LASIS, LKNEE): model = 0.439701, experimental = 0.434336
[2026-08-21 18:26:31.313] [info] 	overall scale factor = 0.987799
[2026-08-21 18:26:31.313] [info] Measurement 'tibia r'
[2026-08-21 18:26:31.313] [info] 	pair 0 (RKNEE, RANKLE): model = 0.408429, experimental = 0.420317
[2026-08-21 18:26:31.313] [info] 	overall scale factor = 1.02911
[2026-08-21 18:26:31.313] [info] Measurement 'tibia l'
[2026-08-21 18:26:31.313] [info] 	pair 0 (LKNEE, LANKLE): model = 0.408301, experimental = 0.419531
[2026-08-21 18:26:31.313] [info] 	overall scale factor = 1.0275
[2026-08-21 18:26:31.313] [info] Measurement 'foot r'
[2026-08-21 18:26:31.313] [info] 	pair 0 (RANKLE, RTOE): model = 0.143979, experimental = 0.182799
[2026-08-21 18:26:31.313] [info] 	overall scale factor = 1.26963
[2026-08-21 18:26:31.313] [info] Measurement 'foot l'
[2026-08-21 18:26:31.313] [info] 	pair 0 (LANKLE, LTOE): model = 0.143955, experimental = 0.176635
[2026-08-21 18:26:31.313] [info] 	overall scale factor = 1.22701
[2026-08-21 18:26:31.340] [info] Wrote model file 'C:/Users/PouyaAmiri/VS code local repos/Theia2OpenSim/Theia2OpenSim/sample_data/OpenSim/scaled_model.osim' from model.
[2026-08-21 18:26:31.340] [info] Step 3: Placing markers on model
[2026-08-21 18:26:31.340] [info] Loaded marker file C:/Users/PouyaAmiri/VS code local repos/Theia2OpenSim/Theia2OpenSim/sample_data/OpenSim/Static.trc (9 markers, 6 frames)
[2026-08-21 18:26:31.340] [info] Averaged frames from time 0.0 to 0.05 in C:/Users/PouyaAmiri/VS code local repos/Theia2OpenSim/Theia2OpenSim/sample_data/OpenSim/Static.trc (frames 1 to 6)
[2026-08-21 18:26:31.340] [info] Deleted 0 unused markers from model theia2opensim-scaled.
[2026-08-21 18:26:31.355] [info] Storage: read data file = C:/Users/PouyaAmiri/VS code local repos/Theia2OpenSim/Theia2OpenSim/sample_data/OpenSim/scaled_model_static_coords.mot (nr=615 nc=20)
[2026-08-21 18:26:31.425] [info] Frame at (t = 0.0):	 total squared error = 0.0791935, marker error: RMS = 0.0938044, max = 0.197835 (RASIS)
[2026-08-21 18:26:31.425] [info] Moved markers in model theia2opensim-scaled to match locations in marker file 'C:/Users/PouyaAmiri/VS code local repos/Theia2OpenSim/Theia2OpenSim/sample_data/OpenSim/Static.trc'.
[2026-08-21 18:26:31.435] [info] Wrote model file 'C:/Users/PouyaAmiri/VS code local repos/Theia2OpenSim/Theia2OpenSim/sample_data/OpenSim/scaled_model.osim' from model theia2opensim-scaled.
[2026-08-21 18:38:10.127] [info] Preparing to run ScaleTool.
[2026-08-21 18:38:10.128] [info] Processing subject theia2opensim-scaled...
[2026-08-21 18:38:10.128] [info] Step 1: Loading generic model
[2026-08-21 18:38:10.143] [info] Loaded model 3DGaitModel2392 from file c:\Users\PouyaAmiri\VS code local repos\Theia2OpenSim\Theia2OpenSim\sample_data\gait2392_simbody.osim
[2026-08-21 18:38:10.143] [warning] Couldn't find file 'treadmill.vtp'.
[2026-08-21 18:38:10.143] [warning] Couldn't find file 'sacrum.vtp'.
[2026-08-21 18:38:10.143] [warning] Couldn't find file 'pelvis.vtp'.
[2026-08-21 18:38:10.143] [warning] Couldn't find file 'l_pelvis.vtp'.
[2026-08-21 18:38:10.144] [warning] Couldn't find file 'femur_r.vtp'.
[2026-08-21 18:38:10.144] [warning] Couldn't find file 'tibia_r.vtp'.
[2026-08-21 18:38:10.144] [warning] Couldn't find file 'fibula.vtp'.
[2026-08-21 18:38:10.144] [warning] Couldn't find file 'talus.vtp'.
[2026-08-21 18:38:10.144] [warning] Couldn't find file 'foot.vtp'.
[2026-08-21 18:38:10.144] [warning] Couldn't find file 'bofoot.vtp'.
[2026-08-21 18:38:10.144] [warning] Couldn't find file 'femur_l.vtp'.
[2026-08-21 18:38:10.144] [warning] Couldn't find file 'tibia_l.vtp'.
[2026-08-21 18:38:10.144] [warning] Couldn't find file 'l_fibula.vtp'.
[2026-08-21 18:38:10.144] [warning] Couldn't find file 'l_talus.vtp'.
[2026-08-21 18:38:10.144] [warning] Couldn't find file 'l_foot.vtp'.
[2026-08-21 18:38:10.144] [warning] Couldn't find file 'l_bofoot.vtp'.
[2026-08-21 18:38:10.144] [warning] Couldn't find file 'hat_spine.vtp'.
[2026-08-21 18:38:10.144] [warning] Couldn't find file 'hat_jaw.vtp'.
[2026-08-21 18:38:10.144] [warning] Couldn't find file 'hat_skull.vtp'.
[2026-08-21 18:38:10.144] [warning] Couldn't find file 'hat_ribs.vtp'.
[2026-08-21 18:38:10.150] [info] Loading marker set from 'C:/Users/PouyaAmiri/VS code local repos/Theia2OpenSim/Theia2OpenSim/sample_data/markerstheia.xml'.
[2026-08-21 18:38:10.159] [info] Updated markers in model 3DGaitModel2392
[2026-08-21 18:38:10.159] [info] Step 2: Scaling generic model
[2026-08-21 18:38:10.165] [info] Loaded marker file C:/Users/PouyaAmiri/VS code local repos/Theia2OpenSim/Theia2OpenSim/sample_data/OpenSim/Static.trc (9 markers, 6 frames)
[2026-08-21 18:38:10.165] [info] Measurement 'pelvis'
[2026-08-21 18:38:10.165] [info] 	pair 0 (LASIS, RASIS): model = 0.168204, experimental = 0.193155
[2026-08-21 18:38:10.165] [info] 	overall scale factor = 1.14834
[2026-08-21 18:38:10.165] [info] Measurement 'femur r'
[2026-08-21 18:38:10.165] [info] 	pair 0 (RASIS, RKNEE): model = 0.439979, experimental = 0.431194
[2026-08-21 18:38:10.165] [info] 	overall scale factor = 0.980033
[2026-08-21 18:38:10.165] [info] Measurement 'femur l'
[2026-08-21 18:38:10.165] [info] 	pair 0 (LASIS, LKNEE): model = 0.439701, experimental = 0.434336
[2026-08-21 18:38:10.165] [info] 	overall scale factor = 0.987799
[2026-08-21 18:38:10.165] [info] Measurement 'tibia r'
[2026-08-21 18:38:10.165] [info] 	pair 0 (RKNEE, RANKLE): model = 0.408429, experimental = 0.420317
[2026-08-21 18:38:10.165] [info] 	overall scale factor = 1.02911
[2026-08-21 18:38:10.165] [info] Measurement 'tibia l'
[2026-08-21 18:38:10.165] [info] 	pair 0 (LKNEE, LANKLE): model = 0.408301, experimental = 0.419531
[2026-08-21 18:38:10.165] [info] 	overall scale factor = 1.0275
[2026-08-21 18:38:10.165] [info] Measurement 'foot r'
[2026-08-21 18:38:10.165] [info] 	pair 0 (RANKLE, RTOE): model = 0.143979, experimental = 0.182799
[2026-08-21 18:38:10.165] [info] 	overall scale factor = 1.26963
[2026-08-21 18:38:10.165] [info] Measurement 'foot l'
[2026-08-21 18:38:10.165] [info] 	pair 0 (LANKLE, LTOE): model = 0.143955, experimental = 0.176635
[2026-08-21 18:38:10.165] [info] 	overall scale factor = 1.22701
[2026-08-21 18:38:10.191] [info] Wrote model file 'C:/Users/PouyaAmiri/VS code local repos/Theia2OpenSim/Theia2OpenSim/sample_data/OpenSim/scaled_model.osim' from model.
[2026-08-21 18:38:10.191] [info] Step 3: Placing markers on model
[2026-08-21 18:38:10.191] [info] Loaded marker file C:/Users/PouyaAmiri/VS code local repos/Theia2OpenSim/Theia2OpenSim/sample_data/OpenSim/Static.trc (9 markers, 6 frames)
[2026-08-21 18:38:10.191] [info] Averaged frames from time 0.0 to 0.05 in C:/Users/PouyaAmiri/VS code local repos/Theia2OpenSim/Theia2OpenSim/sample_data/OpenSim/Static.trc (frames 1 to 6)
[2026-08-21 18:38:10.192] [info] Deleted 0 unused markers from model theia2opensim-scaled.
[2026-08-21 18:38:10.219] [info] Storage: read data file = C:/Users/PouyaAmiri/VS code local repos/Theia2OpenSim/Theia2OpenSim/sample_data/OpenSim/scaled_model_static_coords.mot (nr=615 nc=20)
[2026-08-21 18:38:10.290] [info] Frame at (t = 0.0):	 total squared error = 0.0791935, marker error: RMS = 0.0938044, max = 0.197835 (RASIS)
[2026-08-21 18:38:10.290] [info] Moved markers in model theia2opensim-scaled to match locations in marker file 'C:/Users/PouyaAmiri/VS code local repos/Theia2OpenSim/Theia2OpenSim/sample_data/OpenSim/Static.trc'.
[2026-08-21 18:38:10.301] [info] Wrote model file 'C:/Users/PouyaAmiri/VS code local repos/Theia2OpenSim/Theia2OpenSim/sample_data/OpenSim/scaled_model.osim' from model theia2opensim-scaled.
[2026-08-21 18:41:25.386] [info] Preparing to run ScaleTool.
[2026-08-21 18:41:25.386] [info] Processing subject theia2opensim-scaled...
[2026-08-21 18:41:25.386] [info] Step 1: Loading generic model
[2026-08-21 18:41:25.401] [info] Loaded model 3DGaitModel2392 from file c:\Users\PouyaAmiri\VS code local repos\Theia2OpenSim\Theia2OpenSim\sample_data\gait2392_simbody.osim
[2026-08-21 18:41:25.402] [warning] Couldn't find file 'treadmill.vtp'.
[2026-08-21 18:41:25.402] [warning] Couldn't find file 'sacrum.vtp'.
[2026-08-21 18:41:25.402] [warning] Couldn't find file 'pelvis.vtp'.
[2026-08-21 18:41:25.402] [warning] Couldn't find file 'l_pelvis.vtp'.
[2026-08-21 18:41:25.402] [warning] Couldn't find file 'femur_r.vtp'.
[2026-08-21 18:41:25.402] [warning] Couldn't find file 'tibia_r.vtp'.
[2026-08-21 18:41:25.402] [warning] Couldn't find file 'fibula.vtp'.
[2026-08-21 18:41:25.402] [warning] Couldn't find file 'talus.vtp'.
[2026-08-21 18:41:25.402] [warning] Couldn't find file 'foot.vtp'.
[2026-08-21 18:41:25.402] [warning] Couldn't find file 'bofoot.vtp'.
[2026-08-21 18:41:25.402] [warning] Couldn't find file 'femur_l.vtp'.
[2026-08-21 18:41:25.402] [warning] Couldn't find file 'tibia_l.vtp'.
[2026-08-21 18:41:25.402] [warning] Couldn't find file 'l_fibula.vtp'.
[2026-08-21 18:41:25.402] [warning] Couldn't find file 'l_talus.vtp'.
[2026-08-21 18:41:25.402] [warning] Couldn't find file 'l_foot.vtp'.
[2026-08-21 18:41:25.402] [warning] Couldn't find file 'l_bofoot.vtp'.
[2026-08-21 18:41:25.402] [warning] Couldn't find file 'hat_spine.vtp'.
[2026-08-21 18:41:25.402] [warning] Couldn't find file 'hat_jaw.vtp'.
[2026-08-21 18:41:25.402] [warning] Couldn't find file 'hat_skull.vtp'.
[2026-08-21 18:41:25.402] [warning] Couldn't find file 'hat_ribs.vtp'.
[2026-08-21 18:41:25.408] [info] Loading marker set from 'C:/Users/PouyaAmiri/VS code local repos/Theia2OpenSim/Theia2OpenSim/sample_data/markerstheia.xml'.
[2026-08-21 18:41:25.417] [info] Updated markers in model 3DGaitModel2392
[2026-08-21 18:41:25.417] [info] Step 2: Scaling generic model
[2026-08-21 18:41:25.423] [info] Loaded marker file C:/Users/PouyaAmiri/VS code local repos/Theia2OpenSim/Theia2OpenSim/sample_data/OpenSim/Static.trc (9 markers, 6 frames)
[2026-08-21 18:41:25.423] [info] Measurement 'pelvis'
[2026-08-21 18:41:25.423] [info] 	pair 0 (LASIS, RASIS): model = 0.168204, experimental = 0.193155
[2026-08-21 18:41:25.423] [info] 	overall scale factor = 1.14834
[2026-08-21 18:41:25.423] [info] Measurement 'femur r'
[2026-08-21 18:41:25.423] [info] 	pair 0 (RASIS, RKNEE): model = 0.439979, experimental = 0.431194
[2026-08-21 18:41:25.423] [info] 	overall scale factor = 0.980033
[2026-08-21 18:41:25.423] [info] Measurement 'femur l'
[2026-08-21 18:41:25.423] [info] 	pair 0 (LASIS, LKNEE): model = 0.439701, experimental = 0.434336
[2026-08-21 18:41:25.423] [info] 	overall scale factor = 0.987799
[2026-08-21 18:41:25.423] [info] Measurement 'tibia r'
[2026-08-21 18:41:25.423] [info] 	pair 0 (RKNEE, RANKLE): model = 0.408429, experimental = 0.420317
[2026-08-21 18:41:25.423] [info] 	overall scale factor = 1.02911
[2026-08-21 18:41:25.423] [info] Measurement 'tibia l'
[2026-08-21 18:41:25.423] [info] 	pair 0 (LKNEE, LANKLE): model = 0.408301, experimental = 0.419531
[2026-08-21 18:41:25.423] [info] 	overall scale factor = 1.0275
[2026-08-21 18:41:25.423] [info] Measurement 'foot r'
[2026-08-21 18:41:25.423] [info] 	pair 0 (RANKLE, RTOE): model = 0.143979, experimental = 0.182799
[2026-08-21 18:41:25.423] [info] 	overall scale factor = 1.26963
[2026-08-21 18:41:25.423] [info] Measurement 'foot l'
[2026-08-21 18:41:25.423] [info] 	pair 0 (LANKLE, LTOE): model = 0.143955, experimental = 0.176635
[2026-08-21 18:41:25.423] [info] 	overall scale factor = 1.22701
[2026-08-21 18:41:25.450] [info] Wrote model file 'C:/Users/PouyaAmiri/VS code local repos/Theia2OpenSim/Theia2OpenSim/sample_data/OpenSim/scaled_model.osim' from model.
[2026-08-21 18:41:25.450] [info] Step 3: Placing markers on model
[2026-08-21 18:41:25.450] [info] Loaded marker file C:/Users/PouyaAmiri/VS code local repos/Theia2OpenSim/Theia2OpenSim/sample_data/OpenSim/Static.trc (9 markers, 6 frames)
[2026-08-21 18:41:25.450] [info] Averaged frames from time 0.0 to 0.05 in C:/Users/PouyaAmiri/VS code local repos/Theia2OpenSim/Theia2OpenSim/sample_data/OpenSim/Static.trc (frames 1 to 6)
[2026-08-21 18:41:25.450] [info] Deleted 0 unused markers from model theia2opensim-scaled.
[2026-08-21 18:41:25.464] [info] Storage: read data file = C:/Users/PouyaAmiri/VS code local repos/Theia2OpenSim/Theia2OpenSim/sample_data/OpenSim/scaled_model_static_coords.mot (nr=615 nc=20)
[2026-08-21 18:41:25.538] [info] Frame at (t = 0.0):	 total squared error = 0.0791935, marker error: RMS = 0.0938044, max = 0.197835 (RASIS)
[2026-08-21 18:41:25.538] [info] Moved markers in model theia2opensim-scaled to match locations in marker file 'C:/Users/PouyaAmiri/VS code local repos/Theia2OpenSim/Theia2OpenSim/sample_data/OpenSim/Static.trc'.
[2026-08-21 18:41:25.549] [info] Wrote model file 'C:/Users/PouyaAmiri/VS code local repos/Theia2OpenSim/Theia2OpenSim/sample_data/OpenSim/scaled_model.osim' from model theia2opensim-scaled.
[2026-08-21 18:43:56.376] [info] Preparing to run ScaleTool.
[2026-08-21 18:43:56.376] [info] Processing subject theia2opensim-scaled...
[2026-08-21 18:43:56.376] [info] Step 1: Loading generic model
[2026-08-21 18:43:56.392] [info] Loaded model 3DGaitModel2392 from file c:\Users\PouyaAmiri\VS code local repos\Theia2OpenSim\Theia2OpenSim\sample_data\gait2392_simbody.osim
[2026-08-21 18:43:56.392] [warning] Couldn't find file 'treadmill.vtp'.
[2026-08-21 18:43:56.392] [warning] Couldn't find file 'sacrum.vtp'.
[2026-08-21 18:43:56.392] [warning] Couldn't find file 'pelvis.vtp'.
[2026-08-21 18:43:56.392] [warning] Couldn't find file 'l_pelvis.vtp'.
[2026-08-21 18:43:56.393] [warning] Couldn't find file 'femur_r.vtp'.
[2026-08-21 18:43:56.393] [warning] Couldn't find file 'tibia_r.vtp'.
[2026-08-21 18:43:56.393] [warning] Couldn't find file 'fibula.vtp'.
[2026-08-21 18:43:56.393] [warning] Couldn't find file 'talus.vtp'.
[2026-08-21 18:43:56.393] [warning] Couldn't find file 'foot.vtp'.
[2026-08-21 18:43:56.393] [warning] Couldn't find file 'bofoot.vtp'.
[2026-08-21 18:43:56.393] [warning] Couldn't find file 'femur_l.vtp'.
[2026-08-21 18:43:56.393] [warning] Couldn't find file 'tibia_l.vtp'.
[2026-08-21 18:43:56.393] [warning] Couldn't find file 'l_fibula.vtp'.
[2026-08-21 18:43:56.393] [warning] Couldn't find file 'l_talus.vtp'.
[2026-08-21 18:43:56.393] [warning] Couldn't find file 'l_foot.vtp'.
[2026-08-21 18:43:56.393] [warning] Couldn't find file 'l_bofoot.vtp'.
[2026-08-21 18:43:56.393] [warning] Couldn't find file 'hat_spine.vtp'.
[2026-08-21 18:43:56.393] [warning] Couldn't find file 'hat_jaw.vtp'.
[2026-08-21 18:43:56.393] [warning] Couldn't find file 'hat_skull.vtp'.
[2026-08-21 18:43:56.393] [warning] Couldn't find file 'hat_ribs.vtp'.
[2026-08-21 18:43:56.399] [info] Loading marker set from 'C:/Users/PouyaAmiri/VS code local repos/Theia2OpenSim/Theia2OpenSim/sample_data/markerstheia.xml'.
[2026-08-21 18:43:56.409] [info] Updated markers in model 3DGaitModel2392
[2026-08-21 18:43:56.409] [info] Step 2: Scaling generic model
[2026-08-21 18:43:56.414] [info] Loaded marker file C:/Users/PouyaAmiri/VS code local repos/Theia2OpenSim/Theia2OpenSim/sample_data/OpenSim/Static.trc (9 markers, 6 frames)
[2026-08-21 18:43:56.414] [info] Measurement 'pelvis'
[2026-08-21 18:43:56.414] [info] 	pair 0 (LASIS, RASIS): model = 0.168204, experimental = 0.193155
[2026-08-21 18:43:56.414] [info] 	overall scale factor = 1.14834
[2026-08-21 18:43:56.414] [info] Measurement 'femur r'
[2026-08-21 18:43:56.414] [info] 	pair 0 (RASIS, RKNEE): model = 0.439979, experimental = 0.431194
[2026-08-21 18:43:56.414] [info] 	overall scale factor = 0.980033
[2026-08-21 18:43:56.414] [info] Measurement 'femur l'
[2026-08-21 18:43:56.414] [info] 	pair 0 (LASIS, LKNEE): model = 0.439701, experimental = 0.434336
[2026-08-21 18:43:56.414] [info] 	overall scale factor = 0.987799
[2026-08-21 18:43:56.415] [info] Measurement 'tibia r'
[2026-08-21 18:43:56.415] [info] 	pair 0 (RKNEE, RANKLE): model = 0.408429, experimental = 0.420317
[2026-08-21 18:43:56.415] [info] 	overall scale factor = 1.02911
[2026-08-21 18:43:56.415] [info] Measurement 'tibia l'
[2026-08-21 18:43:56.415] [info] 	pair 0 (LKNEE, LANKLE): model = 0.408301, experimental = 0.419531
[2026-08-21 18:43:56.415] [info] 	overall scale factor = 1.0275
[2026-08-21 18:43:56.415] [info] Measurement 'foot r'
[2026-08-21 18:43:56.415] [info] 	pair 0 (RANKLE, RTOE): model = 0.143979, experimental = 0.182799
[2026-08-21 18:43:56.415] [info] 	overall scale factor = 1.26963
[2026-08-21 18:43:56.415] [info] Measurement 'foot l'
[2026-08-21 18:43:56.415] [info] 	pair 0 (LANKLE, LTOE): model = 0.143955, experimental = 0.176635
[2026-08-21 18:43:56.415] [info] 	overall scale factor = 1.22701
[2026-08-21 18:43:56.440] [info] Wrote model file 'C:/Users/PouyaAmiri/VS code local repos/Theia2OpenSim/Theia2OpenSim/sample_data/OpenSim/scaled_model.osim' from model.
[2026-08-21 18:43:56.440] [info] Step 3: Placing markers on model
[2026-08-21 18:43:56.440] [info] Loaded marker file C:/Users/PouyaAmiri/VS code local repos/Theia2OpenSim/Theia2OpenSim/sample_data/OpenSim/Static.trc (9 markers, 6 frames)
[2026-08-21 18:43:56.440] [info] Averaged frames from time 0.0 to 0.05 in C:/Users/PouyaAmiri/VS code local repos/Theia2OpenSim/Theia2OpenSim/sample_data/OpenSim/Static.trc (frames 1 to 6)
[2026-08-21 18:43:56.440] [info] Deleted 0 unused markers from model theia2opensim-scaled.
[2026-08-21 18:43:56.460] [info] Storage: read data file = C:/Users/PouyaAmiri/VS code local repos/Theia2OpenSim/Theia2OpenSim/sample_data/OpenSim/scaled_model_static_coords.mot (nr=615 nc=20)
[2026-08-21 18:43:56.530] [info] Frame at (t = 0.0):	 total squared error = 0.0791935, marker error: RMS = 0.0938044, max = 0.197835 (RASIS)
[2026-08-21 18:43:56.530] [info] Moved markers in model theia2opensim-scaled to match locations in marker file 'C:/Users/PouyaAmiri/VS code local repos/Theia2OpenSim/Theia2OpenSim/sample_data/OpenSim/Static.trc'.
[2026-08-21 18:43:56.542] [info] Wrote model file 'C:/Users/PouyaAmiri/VS code local repos/Theia2OpenSim/Theia2OpenSim/sample_data/OpenSim/scaled_model.osim' from model theia2opensim-scaled.
[2026-08-21 18:45:09.949] [info] Preparing to run ScaleTool.
[2026-08-21 18:45:09.950] [info] Processing subject theia2opensim-scaled...
[2026-08-21 18:45:09.950] [info] Step 1: Loading generic model
[2026-08-21 18:45:09.965] [info] Loaded model 3DGaitModel2392 from file c:\Users\PouyaAmiri\VS code local repos\Theia2OpenSim\Theia2OpenSim\sample_data\gait2392_simbody.osim
[2026-08-21 18:45:09.965] [warning] Couldn't find file 'treadmill.vtp'.
[2026-08-21 18:45:09.965] [warning] Couldn't find file 'sacrum.vtp'.
[2026-08-21 18:45:09.965] [warning] Couldn't find file 'pelvis.vtp'.
[2026-08-21 18:45:09.965] [warning] Couldn't find file 'l_pelvis.vtp'.
[2026-08-21 18:45:09.965] [warning] Couldn't find file 'femur_r.vtp'.
[2026-08-21 18:45:09.965] [warning] Couldn't find file 'tibia_r.vtp'.
[2026-08-21 18:45:09.965] [warning] Couldn't find file 'fibula.vtp'.
[2026-08-21 18:45:09.965] [warning] Couldn't find file 'talus.vtp'.
[2026-08-21 18:45:09.965] [warning] Couldn't find file 'foot.vtp'.
[2026-08-21 18:45:09.966] [warning] Couldn't find file 'bofoot.vtp'.
[2026-08-21 18:45:09.966] [warning] Couldn't find file 'femur_l.vtp'.
[2026-08-21 18:45:09.966] [warning] Couldn't find file 'tibia_l.vtp'.
[2026-08-21 18:45:09.966] [warning] Couldn't find file 'l_fibula.vtp'.
[2026-08-21 18:45:09.966] [warning] Couldn't find file 'l_talus.vtp'.
[2026-08-21 18:45:09.966] [warning] Couldn't find file 'l_foot.vtp'.
[2026-08-21 18:45:09.966] [warning] Couldn't find file 'l_bofoot.vtp'.
[2026-08-21 18:45:09.966] [warning] Couldn't find file 'hat_spine.vtp'.
[2026-08-21 18:45:09.966] [warning] Couldn't find file 'hat_jaw.vtp'.
[2026-08-21 18:45:09.966] [warning] Couldn't find file 'hat_skull.vtp'.
[2026-08-21 18:45:09.966] [warning] Couldn't find file 'hat_ribs.vtp'.
[2026-08-21 18:45:09.972] [info] Loading marker set from 'C:/Users/PouyaAmiri/VS code local repos/Theia2OpenSim/Theia2OpenSim/sample_data/markerstheia.xml'.
[2026-08-21 18:45:09.980] [info] Updated markers in model 3DGaitModel2392
[2026-08-21 18:45:09.980] [info] Step 2: Scaling generic model
[2026-08-21 18:45:09.986] [info] Loaded marker file C:/Users/PouyaAmiri/VS code local repos/Theia2OpenSim/Theia2OpenSim/sample_data/OpenSim/Static.trc (9 markers, 6 frames)
[2026-08-21 18:45:09.986] [info] Measurement 'pelvis'
[2026-08-21 18:45:09.986] [info] 	pair 0 (LASIS, RASIS): model = 0.168204, experimental = 0.193155
[2026-08-21 18:45:09.986] [info] 	overall scale factor = 1.14834
[2026-08-21 18:45:09.986] [info] Measurement 'femur r'
[2026-08-21 18:45:09.986] [info] 	pair 0 (RASIS, RKNEE): model = 0.439979, experimental = 0.431194
[2026-08-21 18:45:09.986] [info] 	overall scale factor = 0.980033
[2026-08-21 18:45:09.986] [info] Measurement 'femur l'
[2026-08-21 18:45:09.986] [info] 	pair 0 (LASIS, LKNEE): model = 0.439701, experimental = 0.434336
[2026-08-21 18:45:09.986] [info] 	overall scale factor = 0.987799
[2026-08-21 18:45:09.986] [info] Measurement 'tibia r'
[2026-08-21 18:45:09.986] [info] 	pair 0 (RKNEE, RANKLE): model = 0.408429, experimental = 0.420317
[2026-08-21 18:45:09.986] [info] 	overall scale factor = 1.02911
[2026-08-21 18:45:09.986] [info] Measurement 'tibia l'
[2026-08-21 18:45:09.986] [info] 	pair 0 (LKNEE, LANKLE): model = 0.408301, experimental = 0.419531
[2026-08-21 18:45:09.986] [info] 	overall scale factor = 1.0275
[2026-08-21 18:45:09.986] [info] Measurement 'foot r'
[2026-08-21 18:45:09.986] [info] 	pair 0 (RANKLE, RTOE): model = 0.143979, experimental = 0.182799
[2026-08-21 18:45:09.986] [info] 	overall scale factor = 1.26963
[2026-08-21 18:45:09.986] [info] Measurement 'foot l'
[2026-08-21 18:45:09.986] [info] 	pair 0 (LANKLE, LTOE): model = 0.143955, experimental = 0.176635
[2026-08-21 18:45:09.986] [info] 	overall scale factor = 1.22701
[2026-08-21 18:45:10.010] [info] Wrote model file 'C:/Users/PouyaAmiri/VS code local repos/Theia2OpenSim/Theia2OpenSim/sample_data/OpenSim/scaled_model.osim' from model.
[2026-08-21 18:45:10.010] [info] Step 3: Placing markers on model
[2026-08-21 18:45:10.010] [info] Loaded marker file C:/Users/PouyaAmiri/VS code local repos/Theia2OpenSim/Theia2OpenSim/sample_data/OpenSim/Static.trc (9 markers, 6 frames)
[2026-08-21 18:45:10.010] [info] Averaged frames from time 0.0 to 0.05 in C:/Users/PouyaAmiri/VS code local repos/Theia2OpenSim/Theia2OpenSim/sample_data/OpenSim/Static.trc (frames 1 to 6)
[2026-08-21 18:45:10.010] [info] Deleted 0 unused markers from model theia2opensim-scaled.
[2026-08-21 18:45:10.036] [info] Storage: read data file = C:/Users/PouyaAmiri/VS code local repos/Theia2OpenSim/Theia2OpenSim/sample_data/OpenSim/scaled_model_static_coords.mot (nr=615 nc=20)
[2026-08-21 18:45:10.109] [info] Frame at (t = 0.0):	 total squared error = 0.0791935, marker error: RMS = 0.0938044, max = 0.197835 (RASIS)
[2026-08-21 18:45:10.109] [info] Moved markers in model theia2opensim-scaled to match locations in marker file 'C:/Users/PouyaAmiri/VS code local repos/Theia2OpenSim/Theia2OpenSim/sample_data/OpenSim/Static.trc'.
[2026-08-21 18:45:10.120] [info] Wrote model file 'C:/Users/PouyaAmiri/VS code local repos/Theia2OpenSim/Theia2OpenSim/sample_data/OpenSim/scaled_model.osim' from model theia2opensim-scaled.
[2026-08-27 09:46:23.877] [info] Preparing to run ScaleTool.
[2026-08-27 09:46:23.877] [info] Processing subject theia2opensim-scaled...
[2026-08-27 09:46:23.877] [info] Step 1: Loading generic model
[2026-08-27 09:46:23.904] [info] Loaded model 3DGaitModel2392 from file c:\Users\PouyaAmiri\VS code local repos\Theia2OpenSim\Theia2OpenSim\sample_data\gait2392_simbody.osim
[2026-08-27 09:46:23.905] [warning] Couldn't find file 'treadmill.vtp'.
[2026-08-27 09:46:23.905] [warning] Couldn't find file 'sacrum.vtp'.
[2026-08-27 09:46:23.905] [warning] Couldn't find file 'pelvis.vtp'.
[2026-08-27 09:46:23.905] [warning] Couldn't find file 'l_pelvis.vtp'.
[2026-08-27 09:46:23.905] [warning] Couldn't find file 'femur_r.vtp'.
[2026-08-27 09:46:23.905] [warning] Couldn't find file 'tibia_r.vtp'.
[2026-08-27 09:46:23.905] [warning] Couldn't find file 'fibula.vtp'.
[2026-08-27 09:46:23.905] [warning] Couldn't find file 'talus.vtp'.
[2026-08-27 09:46:23.905] [warning] Couldn't find file 'foot.vtp'.
[2026-08-27 09:46:23.905] [warning] Couldn't find file 'bofoot.vtp'.
[2026-08-27 09:46:23.905] [warning] Couldn't find file 'femur_l.vtp'.
[2026-08-27 09:46:23.905] [warning] Couldn't find file 'tibia_l.vtp'.
[2026-08-27 09:46:23.905] [warning] Couldn't find file 'l_fibula.vtp'.
[2026-08-27 09:46:23.905] [warning] Couldn't find file 'l_talus.vtp'.
[2026-08-27 09:46:23.905] [warning] Couldn't find file 'l_foot.vtp'.
[2026-08-27 09:46:23.905] [warning] Couldn't find file 'l_bofoot.vtp'.
[2026-08-27 09:46:23.905] [warning] Couldn't find file 'hat_spine.vtp'.
[2026-08-27 09:46:23.905] [warning] Couldn't find file 'hat_jaw.vtp'.
[2026-08-27 09:46:23.905] [warning] Couldn't find file 'hat_skull.vtp'.
[2026-08-27 09:46:23.905] [warning] Couldn't find file 'hat_ribs.vtp'.
[2026-08-27 09:46:23.918] [info] Loading marker set from 'C:/Users/PouyaAmiri/VS code local repos/Theia2OpenSim/Theia2OpenSim/sample_data/markerstheia.xml'.
[2026-08-27 09:46:23.934] [info] Updated markers in model 3DGaitModel2392
[2026-08-27 09:46:23.934] [info] Step 2: Scaling generic model
[2026-08-27 09:46:23.948] [info] Loaded marker file C:/Users/PouyaAmiri/VS code local repos/Theia2OpenSim/Theia2OpenSim/sample_data/OpenSim/Static.trc (9 markers, 6 frames)
[2026-08-27 09:46:23.948] [info] Measurement 'pelvis'
[2026-08-27 09:46:23.948] [info] 	pair 0 (LASIS, RASIS): model = 0.168204, experimental = 0.193155
[2026-08-27 09:46:23.948] [info] 	overall scale factor = 1.14834
[2026-08-27 09:46:23.948] [info] Measurement 'femur r'
[2026-08-27 09:46:23.948] [info] 	pair 0 (RASIS, RKNEE): model = 0.439979, experimental = 0.431194
[2026-08-27 09:46:23.948] [info] 	overall scale factor = 0.980033
[2026-08-27 09:46:23.948] [info] Measurement 'femur l'
[2026-08-27 09:46:23.948] [info] 	pair 0 (LASIS, LKNEE): model = 0.439701, experimental = 0.434336
[2026-08-27 09:46:23.948] [info] 	overall scale factor = 0.987799
[2026-08-27 09:46:23.948] [info] Measurement 'tibia r'
[2026-08-27 09:46:23.948] [info] 	pair 0 (RKNEE, RANKLE): model = 0.408429, experimental = 0.420317
[2026-08-27 09:46:23.948] [info] 	overall scale factor = 1.02911
[2026-08-27 09:46:23.948] [info] Measurement 'tibia l'
[2026-08-27 09:46:23.948] [info] 	pair 0 (LKNEE, LANKLE): model = 0.408301, experimental = 0.419531
[2026-08-27 09:46:23.948] [info] 	overall scale factor = 1.0275
[2026-08-27 09:46:23.948] [info] Measurement 'foot r'
[2026-08-27 09:46:23.948] [info] 	pair 0 (RANKLE, RTOE): model = 0.143979, experimental = 0.182799
[2026-08-27 09:46:23.948] [info] 	overall scale factor = 1.26963
[2026-08-27 09:46:23.948] [info] Measurement 'foot l'
[2026-08-27 09:46:23.948] [info] 	pair 0 (LANKLE, LTOE): model = 0.143955, experimental = 0.176635
[2026-08-27 09:46:23.948] [info] 	overall scale factor = 1.22701
[2026-08-27 09:46:23.974] [info] Wrote model file 'C:/Users/PouyaAmiri/VS code local repos/Theia2OpenSim/Theia2OpenSim/sample_data/OpenSim/scaled_model.osim' from model.
[2026-08-27 09:46:23.974] [info] Step 3: Placing markers on model
[2026-08-27 09:46:23.975] [info] Loaded marker file C:/Users/PouyaAmiri/VS code local repos/Theia2OpenSim/Theia2OpenSim/sample_data/OpenSim/Static.trc (9 markers, 6 frames)
[2026-08-27 09:46:23.975] [info] Averaged frames from time 0.0 to 0.05 in C:/Users/PouyaAmiri/VS code local repos/Theia2OpenSim/Theia2OpenSim/sample_data/OpenSim/Static.trc (frames 1 to 6)
[2026-08-27 09:46:23.975] [info] Deleted 0 unused markers from model theia2opensim-scaled.
[2026-08-27 09:46:23.985] [info] Storage: read data file = C:/Users/PouyaAmiri/VS code local repos/Theia2OpenSim/Theia2OpenSim/sample_data/OpenSim/scaled_model_static_coords.mot (nr=615 nc=20)
[2026-08-27 09:46:24.068] [info] Frame at (t = 0.0):	 total squared error = 0.616783, marker error: RMS = 0.261785, max = 0.412691 (RTOE)
[2026-08-27 09:46:24.068] [info] Moved markers in model theia2opensim-scaled to match locations in marker file 'C:/Users/PouyaAmiri/VS code local repos/Theia2OpenSim/Theia2OpenSim/sample_data/OpenSim/Static.trc'.
[2026-08-27 09:46:24.079] [info] Wrote model file 'C:/Users/PouyaAmiri/VS code local repos/Theia2OpenSim/Theia2OpenSim/sample_data/OpenSim/scaled_model.osim' from model theia2opensim-scaled.
[2026-08-27 09:48:52.024] [info] Preparing to run ScaleTool.
[2026-08-27 09:48:52.024] [info] Processing subject theia2opensim-scaled...
[2026-08-27 09:48:52.024] [info] Step 1: Loading generic model
[2026-08-27 09:48:52.040] [info] Loaded model 3DGaitModel2392 from file c:\Users\PouyaAmiri\VS code local repos\Theia2OpenSim\Theia2OpenSim\sample_data\gait2392_simbody.osim
[2026-08-27 09:48:52.041] [warning] Couldn't find file 'treadmill.vtp'.
[2026-08-27 09:48:52.041] [warning] Couldn't find file 'sacrum.vtp'.
[2026-08-27 09:48:52.041] [warning] Couldn't find file 'pelvis.vtp'.
[2026-08-27 09:48:52.041] [warning] Couldn't find file 'l_pelvis.vtp'.
[2026-08-27 09:48:52.041] [warning] Couldn't find file 'femur_r.vtp'.
[2026-08-27 09:48:52.041] [warning] Couldn't find file 'tibia_r.vtp'.
[2026-08-27 09:48:52.041] [warning] Couldn't find file 'fibula.vtp'.
[2026-08-27 09:48:52.041] [warning] Couldn't find file 'talus.vtp'.
[2026-08-27 09:48:52.041] [warning] Couldn't find file 'foot.vtp'.
[2026-08-27 09:48:52.041] [warning] Couldn't find file 'bofoot.vtp'.
[2026-08-27 09:48:52.041] [warning] Couldn't find file 'femur_l.vtp'.
[2026-08-27 09:48:52.041] [warning] Couldn't find file 'tibia_l.vtp'.
[2026-08-27 09:48:52.041] [warning] Couldn't find file 'l_fibula.vtp'.
[2026-08-27 09:48:52.041] [warning] Couldn't find file 'l_talus.vtp'.
[2026-08-27 09:48:52.041] [warning] Couldn't find file 'l_foot.vtp'.
[2026-08-27 09:48:52.041] [warning] Couldn't find file 'l_bofoot.vtp'.
[2026-08-27 09:48:52.041] [warning] Couldn't find file 'hat_spine.vtp'.
[2026-08-27 09:48:52.041] [warning] Couldn't find file 'hat_jaw.vtp'.
[2026-08-27 09:48:52.041] [warning] Couldn't find file 'hat_skull.vtp'.
[2026-08-27 09:48:52.041] [warning] Couldn't find file 'hat_ribs.vtp'.
[2026-08-27 09:48:52.047] [info] Loading marker set from 'C:/Users/PouyaAmiri/VS code local repos/Theia2OpenSim/Theia2OpenSim/sample_data/markerstheia.xml'.
[2026-08-27 09:48:52.057] [info] Updated markers in model 3DGaitModel2392
[2026-08-27 09:48:52.057] [info] Step 2: Scaling generic model
[2026-08-27 09:48:52.062] [info] Loaded marker file C:/Users/PouyaAmiri/VS code local repos/Theia2OpenSim/Theia2OpenSim/sample_data/OpenSim/Static.trc (9 markers, 6 frames)
[2026-08-27 09:48:52.062] [info] Measurement 'pelvis'
[2026-08-27 09:48:52.062] [info] 	pair 0 (LASIS, RASIS): model = 0.168204, experimental = 0.193155
[2026-08-27 09:48:52.062] [info] 	overall scale factor = 1.14834
[2026-08-27 09:48:52.062] [info] Measurement 'femur r'
[2026-08-27 09:48:52.062] [info] 	pair 0 (RASIS, RKNEE): model = 0.439979, experimental = 0.431194
[2026-08-27 09:48:52.062] [info] 	overall scale factor = 0.980033
[2026-08-27 09:48:52.062] [info] Measurement 'femur l'
[2026-08-27 09:48:52.062] [info] 	pair 0 (LASIS, LKNEE): model = 0.439701, experimental = 0.434336
[2026-08-27 09:48:52.062] [info] 	overall scale factor = 0.987799
[2026-08-27 09:48:52.062] [info] Measurement 'tibia r'
[2026-08-27 09:48:52.062] [info] 	pair 0 (RKNEE, RANKLE): model = 0.408429, experimental = 0.420317
[2026-08-27 09:48:52.062] [info] 	overall scale factor = 1.02911
[2026-08-27 09:48:52.062] [info] Measurement 'tibia l'
[2026-08-27 09:48:52.062] [info] 	pair 0 (LKNEE, LANKLE): model = 0.408301, experimental = 0.419531
[2026-08-27 09:48:52.062] [info] 	overall scale factor = 1.0275
[2026-08-27 09:48:52.063] [info] Measurement 'foot r'
[2026-08-27 09:48:52.063] [info] 	pair 0 (RANKLE, RTOE): model = 0.143979, experimental = 0.182799
[2026-08-27 09:48:52.063] [info] 	overall scale factor = 1.26963
[2026-08-27 09:48:52.063] [info] Measurement 'foot l'
[2026-08-27 09:48:52.063] [info] 	pair 0 (LANKLE, LTOE): model = 0.143955, experimental = 0.176635
[2026-08-27 09:48:52.063] [info] 	overall scale factor = 1.22701
[2026-08-27 09:48:52.088] [info] Wrote model file 'C:/Users/PouyaAmiri/VS code local repos/Theia2OpenSim/Theia2OpenSim/sample_data/OpenSim/scaled_model.osim' from model.
[2026-08-27 09:48:52.089] [info] Step 3: Placing markers on model
[2026-08-27 09:48:52.089] [info] Loaded marker file C:/Users/PouyaAmiri/VS code local repos/Theia2OpenSim/Theia2OpenSim/sample_data/OpenSim/Static.trc (9 markers, 6 frames)
[2026-08-27 09:48:52.089] [info] Averaged frames from time 0.0 to 0.05 in C:/Users/PouyaAmiri/VS code local repos/Theia2OpenSim/Theia2OpenSim/sample_data/OpenSim/Static.trc (frames 1 to 6)
[2026-08-27 09:48:52.089] [info] Deleted 0 unused markers from model theia2opensim-scaled.
[2026-08-27 09:48:52.101] [info] Storage: read data file = C:/Users/PouyaAmiri/VS code local repos/Theia2OpenSim/Theia2OpenSim/sample_data/OpenSim/scaled_model_static_coords.mot (nr=615 nc=20)
[2026-08-27 09:48:52.180] [info] Frame at (t = 0.0):	 total squared error = 0.616783, marker error: RMS = 0.261785, max = 0.412691 (RTOE)
[2026-08-27 09:48:52.180] [info] Moved markers in model theia2opensim-scaled to match locations in marker file 'C:/Users/PouyaAmiri/VS code local repos/Theia2OpenSim/Theia2OpenSim/sample_data/OpenSim/Static.trc'.
[2026-08-27 09:48:52.192] [info] Wrote model file 'C:/Users/PouyaAmiri/VS code local repos/Theia2OpenSim/Theia2OpenSim/sample_data/OpenSim/scaled_model.osim' from model theia2opensim-scaled.
